10-12 19:30:02.491 D/WindowManager( 1902): Collecting in transition 344: ActivityRecord{23508e5 u0 com.tumurelsedrakiney.pitchebak/.MainActivity t133 f}} init visibleRequested:true
10-12 19:30:02.492 D/DigestGenerator( 7512): digest=============com.tumurelsedrakiney.pitchebakjava.lang.RuntimeException: Unable to instantiate application com.tumurelsedrakiney.pitchebak.MainApplication package com.tumurelsedrakiney.pitchebak: java.lang.ClassNotFoundException: Didn't find class "com.tumurelsedrakiney.pitchebak.MainApplication" on path: DexPathList[[zip file "XXbase.apk!/lib/arm-va, /system/lib /system_ext/lib]]
10-12 19:30:02.492 D/DigestGenerator( 7512): Caused by: java.lang.ClassNotFoundException: Didn't find class "com.tumurelsedrakiney.pitchebak.MainApplication" on path: DexPathList[[zip file "XXbase.apk!/lib/arm-va, /system/lib /system_ext/lib]]
10-12 19:30:02.496 I/ActivityManager( 1902): Showing crash dialog for package com.tumurelsedrakiney.pitchebak u0
10-12 19:30:02.501 W/JavaExceptionHandler( 7512): Too noisy! skip duplicate java exception report:com.tumurelsedrakiney.pitchebak now=1760286602501 mLastReportTime=1760286589398 interval=60000
10-12 19:30:02.501 W/MQSEventManager( 7512): Too noisy! Bail the event:com.tumurelsedrakiney.pitchebak type:1
10-12 19:30:02.503 W/LayerDrawable( 1902): Invalid drawable added to LayerDrawable! Drawable already belongs to another owner but does not expose a constant state.
10-12 19:30:02.507 W/LayerDrawable( 1902): Invalid drawable added to LayerDrawable! Drawable already belongs to another owner but does not expose a constant state.
10-12 19:30:02.509 W/LayerDrawable( 1902): Invalid drawable added to LayerDrawable! Drawable already belongs to another owner but does not expose a constant state.
10-12 19:30:02.515 D/WindowManager( 1902): wms.Input focus has changed to Window{caa7bcd u0 Application Error: com.tumurelsedrakiney.pitchebak} display=0 updateInputWindows = false
10-12 19:30:02.515 D/WindowManager( 1902): wms.Focus not requested for window=Window{caa7bcd u0 Application Error: com.tumurelsedrakiney.pitchebak} because it has no surface or is not focusable.
10-12 19:30:02.525 D/CoreBackPreview( 1902): Window{caa7bcd u0 Application Error: com.tumurelsedrakiney.pitchebak}: Setting back callback OnBackInvokedCallbackInfo{mCallback=android.window.WindowOnBackInvokedDispatcher$OnBackInvokedCallbackWrapper@f5be701, mPriority=0, mIsAnimationCallback=false}
10-12 19:30:02.531 E/ActivityManagerWrapper( 5242): getRecentTasks: mainTaskId=133   userId=0   windowMode=1   baseIntent=Intent { act=android.intent.action.MAIN flag=270532608 cmp=ComponentInfo{com.tumurelsedrakiney.pitchebak/com.tumurelsedrakiney.pitchebak.MainActivity} }
10-12 19:30:02.531 E/ActivityManagerWrapper( 5242): getRecentTasks: mainTaskId=127   userId=0   windowMode=1   baseIntent=Intent { act=android.intent.action.MAIN flag=270532608 cmp=ComponentInfo{host.exp.exponent/host.exp.exponent.experience.HomeActivity} }
10-12 19:30:02.536 E/ActivityManagerWrapper( 5242): getRecentTasks: mainTaskId=133   userId=0   windowMode=1   baseIntent=Intent { act=android.intent.action.MAIN flag=270532608 cmp=ComponentInfo{com.tumurelsedrakiney.pitchebak/com.tumurelsedrakiney.pitchebak.MainActivity} }
10-12 19:30:02.536 E/ActivityManagerWrapper( 5242): getRecentTasks: mainTaskId=127   userId=0   windowMode=1   baseIntent=Intent { act=android.intent.action.MAIN flag=270532608 cmp=ComponentInfo{host.exp.exponent/host.exp.exponent.experience.HomeActivity} }
10-12 19:30:02.538 I/SurfaceFlinger( 1669): sf.setTransactionState focusRequest transactionId:8169027826215 frontWin:caa7bcd Application Error: com.tumurelsedrakiney.pitchebak
10-12 19:30:02.538 D/WindowManager( 1902): wms.finishDrawingLocked: mDrawState=COMMIT_DRAW_PENDING Window{caa7bcd u0 Application Error: com.tumurelsedrakiney.pitchebak} in Surface(name=Application Error: com.tumurelsedrakiney.pitchebak#4009)/@0x229ea32
10-12 19:30:02.544 I/WindowManager( 1902): wms.showSurfaceRobustly mWin:Window{caa7bcd u0 Application Error: com.tumurelsedrakiney.pitchebak}
10-12 19:30:02.991 W/ActivityTaskManager( 1902): Activity top resumed state loss timeout for ActivityRecord{23508e5 u0 com.tumurelsedrakiney.pitchebak/.MainActivity t133 f}}
10-12 19:30:02.993 W/ActivityTaskManager( 1902): Activity pause timeout for ActivityRecord{23508e5 u0 com.tumurelsedrakiney.pitchebak/.MainActivity t133 f}}
10-12 19:30:03.002 D/AppObserver( 5242): ForegroundInfo{mForegroundPackageName='com.miui.home', mForegroundUid=10150, mForegroundPid=5242, mLastForegroundPackageName='com.tumurelsedrakiney.pitchebak', mLastForegroundUid=10315, mLastForegroundPid=24400, mMultiWindowForegroundPackageName='com.miui.home', mMultiWindowForegroundUid=10150, mFlags=0}
10-12 19:30:03.002 D/PerfEngineController(10129): ForegroundInfo{mForegroundPackageName='com.miui.home', mForegroundUid=10150, mForegroundPid=5242, mLastForegroundPackageName='com.tumurelsedrakiney.pitchebak', mLastForegroundUid=10315, mLastForegroundPid=24400, mMultiWindowForegroundPackageName='com.miui.home', mMultiWindowForegroundUid=10150, mFlags=0}
10-12 19:30:03.003 I/GST     (10181): forePkg: com.miui.home, preForePkg: com.tumurelsedrakiney.pitchebak
10-12 19:30:03.003 I/ProcessMonitor( 8997): onForegroundInfoChanged: ForegroundInfo{mForegroundPackageName='com.miui.home', mForegroundUid=10150, mForegroundPid=5242, mLastForegroundPackageName='com.tumurelsedrakiney.pitchebak', mLastForegroundUid=10315, mLastForegroundPid=24400, mMultiWindowForegroundPackageName='com.miui.home', mMultiWindowForegroundUid=10150, mFlags=0}
10-12 19:30:03.003 I/GameBoosterService( 8997): onForegroundInfoChanged: Cur=com.miui.home	 last=com.tumurelsedrakiney.pitchebak
10-12 19:30:03.003 D/GameBoosterService( 8997): onGameStatusChange foreground:ForegroundInfo{mForegroundPackageName='com.miui.home', mForegroundUid=10150, mForegroundPid=5242, mLastForegroundPackageName='com.tumurelsedrakiney.pitchebak', mLastForegroundUid=10315, mLastForegroundPid=24400, mMultiWindowForegroundPackageName='com.miui.home', mMultiWindowForegroundUid=10150, mFlags=0}
10-12 19:30:03.006 I/BeautyService( 8997): onForegroundInfoChanged: Cur=com.miui.home	 last=com.tumurelsedrakiney.pitchebak
10-12 19:30:03.012 D/WindowManager( 1902): Final targets: [Task{f55db05 #1 type=home}, Task{dc9dc8 #133 type=standard A=10315:com.tumurelsedrakiney.pitchebak}]
10-12 19:30:03.013 D/WindowManager( 1902): Calling onTransitionReady info={id=344 t=CLOSE f=0x10 trk=0 r=[0@Point(0, 0)] c=[{WCT{RemoteToken{1e688d7 Task{f55db05 #1 type=home}}} m=TO_FRONT f=SHOW_WALLPAPER|MOVE_TO_TOP leash=Surface(name=Task=1#45)/@0x7520172 sb=Rect(0, 0 - 1080, 2400) eb=Rect(0, 0 - 1080, 2400) d=0},{WCT{RemoteToken{54780c Task{dc9dc8 #133 type=standard A=10315:com.tumurelsedrakiney.pitchebak}}} m=CLOSE f=NONE leash=Surface(name=Task=133#3993)/@0x51d6899 sb=Rect(0, 0 - 1080, 2400) eb=Rect(0, 0 - 1080, 2400) d=0}] noAni=[false] df=[false] mk=[false]}, mToken=Token{44f6d3a TransitionRecord{2929141 id=344 type=CLOSE flags=0x10}}
10-12 19:30:03.017 D/RemoteAnimationAdapterCompat( 5242): printLeash::taskInfo = TaskInfo{userId=0 taskId=133 displayId=0 isRunning=false baseIntent=Intent { act=android.intent.action.MAIN cat=[android.intent.category.LAUNCHER] flg=0x10200000 cmp=com.tumurelsedrakiney.pitchebak/.MainActivity } baseActivity=null topActivity=null origActivity=null realActivity=ComponentInfo{com.tumurelsedrakiney.pitchebak/com.tumurelsedrakiney.pitchebak.MainActivity} numActivities=0 lastActiveTime=17146651 supportsSplitScreenMultiWindow=true supportsMultiWindow=true resizeMode=1 isResizeable=true minWidth=-1 minHeight=-1 defaultMinSize=200 token=WCT{android.window.IWindowContainerToken$Stub$Proxy@c1532a3} topActivityType=1 pictureInPictureParams=null shouldDockBigOverlays=false launchIntoPipHostTaskId=-1 lastParentTaskIdBeforePip=-1 displayCutoutSafeInsets=Rect(0, 84 - 0, 0) topActivityInfo=null launchCookies=[] positionInParent=Point(0, 0) parentTaskId=-1 isFocused=false isVisible=true isVisibleRequested=false isSleeping=false topActivityInSizeCompat=false topActivityInMiuiSizeCompat=false topActivityEligibleForLetterboxEducation= false topActivityLetterboxed= false isFromDoubleTap= false topActivityLetterboxVerticalPosition= -1 topActivityLetterboxHorizontalPosition= -1 topActivityLetterboxWidth=-1 topActivityLetterboxHeight=-1 locusId=null displayAreaFeatureId=1 cameraCompatControlState=hidden mIsCastMode=false mTopActivityMediaSize=null mTopActivityRecordName=null mTopActivityOrientation=-2 mTopActivityWindowIsNowVisible=false isTranslucent=true isEmbedded=false shouldBeVisible=false mBehindAppLockPkg=null mOriginatingUid=0}
10-12 19:30:03.019 I/TransitionUtil( 5242): get reuse leash = Surface(name=TL_Surface(name=Task=133#3993)/@0x63b5f11_transition-leash#3998)/@0xb35a27c, key = ComponentInfo{com.tumurelsedrakiney.pitchebak/com.tumurelsedrakiney.pitchebak.MainActivity}
10-12 19:30:03.024 E/ActivityManagerWrapper( 5242): getRecentTasks: mainTaskId=133   userId=0   windowMode=1   baseIntent=Intent { act=android.intent.action.MAIN flag=270532608 cmp=ComponentInfo{com.tumurelsedrakiney.pitchebak/com.tumurelsedrakiney.pitchebak.MainActivity} }
10-12 19:30:03.024 E/ActivityManagerWrapper( 5242): getRecentTasks: mainTaskId=127   userId=0   windowMode=1   baseIntent=Intent { act=android.intent.action.MAIN flag=270532608 cmp=ComponentInfo{host.exp.exponent/host.exp.exponent.experience.HomeActivity} }
10-12 19:30:03.025 D/SchedBoost( 1902): com.tumurelsedrakiney.pitchebak boosting, skip reset priority
10-12 19:30:03.028 E/ActivityManagerWrapper( 5242): getRecentTasks: mainTaskId=133   userId=0   windowMode=1   baseIntent=Intent { act=android.intent.action.MAIN flag=270532608 cmp=ComponentInfo{com.tumurelsedrakiney.pitchebak/com.tumurelsedrakiney.pitchebak.MainActivity} }
10-12 19:30:03.028 E/ActivityManagerWrapper( 5242): getRecentTasks: mainTaskId=127   userId=0   windowMode=1   baseIntent=Intent { act=android.intent.action.MAIN flag=270532608 cmp=ComponentInfo{host.exp.exponent/host.exp.exponent.experience.HomeActivity} }
10-12 19:30:03.038 E/LauncherAnimationRunner( 5242): onAnimationStart:   target=RemoteAnimationTargetCompat{taskId=133, mode=1, isTranslucent=false, clipRect=Rect(0, 0 - 0, 0), position=Point(0, 0), sourceContainerBounds=Rect(0, 0 - 1080, 2400), prefixOrderIndex=1, isNotInRecents=true, contentInsets=Rect(0, 0 - 0, 0), activityType=1, packageName=com.tumurelsedrakiney.pitchebak, startBounds=Rect(0, 0 - 1080, 2400), windowType=-1}
10-12 19:30:03.040 D/QuickstepAppTransitionManagerImpl( 5242): getClosingShortcutIcon:CloseShortcutIconUtils.getCloseShortcutIcon  cn=ComponentInfo{com.tumurelsedrakiney.pitchebak/com.tumurelsedrakiney.pitchebak.MainActivity}   userId=0
10-12 19:30:03.097 E/ActivityManagerWrapper( 5242): getRecentTasks: mainTaskId=133   userId=0   windowMode=1   baseIntent=Intent { act=android.intent.action.MAIN flag=270532608 cmp=ComponentInfo{com.tumurelsedrakiney.pitchebak/com.tumurelsedrakiney.pitchebak.MainActivity} }
10-12 19:30:03.097 E/ActivityManagerWrapper( 5242): getRecentTasks: mainTaskId=127   userId=0   windowMode=1   baseIntent=Intent { act=android.intent.action.MAIN flag=270532608 cmp=ComponentInfo{host.exp.exponent/host.exp.exponent.experience.HomeActivity} }
10-12 19:30:03.100 E/ActivityManagerWrapper( 5242): getRecentTasks: mainTaskId=133   userId=0   windowMode=1   baseIntent=Intent { act=android.intent.action.MAIN flag=270532608 cmp=ComponentInfo{com.tumurelsedrakiney.pitchebak/com.tumurelsedrakiney.pitchebak.MainActivity} }
10-12 19:30:03.100 E/ActivityManagerWrapper( 5242): getRecentTasks: mainTaskId=127   userId=0   windowMode=1   baseIntent=Intent { act=android.intent.action.MAIN flag=270532608 cmp=ComponentInfo{host.exp.exponent/host.exp.exponent.experience.HomeActivity} }
10-12 19:30:03.885 I/ConnectAnimFinishCallbackManager( 5242): call finishMainCallback, wct = null, sct = android.view.SurfaceControl$Transaction@411c320, callback = android.window.IRemoteTransitionFinishedCallback$Stub$Proxy@8a804e, mCounterRotatorList.size = 0, mInfoExposeList.size = 2, token = android.os.BinderProxy@72dc150
10-12 19:30:03.886 I/Transition( 1902): finishTransition: updateLastSurfacePosition tf=Task{dc9dc8 #133 type=standard A=10315:com.tumurelsedrakiney.pitchebak}
10-12 19:30:03.887 I/Transition( 1902): finishTransition: updateLastSurfacePosition tf=Task{dc9dc8 #133 type=standard A=10315:com.tumurelsedrakiney.pitchebak}
10-12 19:30:03.890 I/SmartPower: com.tumurelsedrakiney.pitchebak/10315(24400)( 1902): visible->invisible(1457ms) R(become invisible) adj=200.
10-12 19:30:03.890 I/SmartPower: com.tumurelsedrakiney.pitchebak/10315(24400)( 1902): invisible->background(0ms) R(become background) adj=200.
10-12 19:30:03.891 I/DynamicDDSService( 5616): handleMessage(ACTIVITY_SUSPEND{appInfo=com.tumurelsedrakiney.pitchebak isFullScreen=}true)
10-12 19:30:06.891 I/SmartPower: com.tumurelsedrakiney.pitchebak/10315(24400)( 1902): background->idle(3000ms) R(become invisible) adj=900.
10-12 19:30:13.903 W/ActivityTaskManager( 1902): Activity destroy timeout for ActivityRecord{23508e5 u0 com.tumurelsedrakiney.pitchebak/.MainActivity t133 f}}
10-12 19:30:13.905 W/InputManager-JNI( 1902): Input channel object '1646f9d Splash Screen com.tumurelsedrakiney.pitchebak (client)' was disposed without first being removed with the input manager!
10-12 19:30:13.924 E/ActivityManagerWrapper( 5242): getRecentTasks: mainTaskId=133   userId=0   windowMode=1   baseIntent=Intent { act=android.intent.action.MAIN flag=270532608 cmp=ComponentInfo{com.tumurelsedrakiney.pitchebak/com.tumurelsedrakiney.pitchebak.MainActivity} }
10-12 19:30:13.924 E/ActivityManagerWrapper( 5242): getRecentTasks: mainTaskId=127   userId=0   windowMode=1   baseIntent=Intent { act=android.intent.action.MAIN flag=270532608 cmp=ComponentInfo{host.exp.exponent/host.exp.exponent.experience.HomeActivity} }
10-12 19:30:13.924 D/WorldCirculate( 5242): getWorldCirculateInfo, taskInfo.baseIntent=Intent { act=android.intent.action.MAIN cat=[android.intent.category.LAUNCHER] flg=0x10200000 cmp=com.tumurelsedrakiney.pitchebak/.MainActivity }, displayId=-1, but get Display failed
10-12 19:30:26.071 W/FinalizerDaemon(24400): type=1400 audit(0.0:7840): avc:  denied  { getopt } for  path="/dev/socket/usap_pool_primary" scontext=u:r:un