--------- beginning of main
12-23 21:01:26.632 E/CamX    ( 1118): [ERROR][NCS    ] camxncsservice.cpp:1007 EnqueueJob() Can not enqueue jobs when thread is stopped
12-23 21:01:26.832 E/CamX    ( 1118): [ERROR][NCS    ] camxncsservice.cpp:1007 EnqueueJob() Can not enqueue jobs when thread is stopped
12-23 21:01:27.033 E/CamX    ( 1118): [ERROR][NCS    ] camxncsservice.cpp:1007 EnqueueJob() Can not enqueue jobs when thread is stopped
12-23 21:01:27.234 E/CamX    ( 1118): [ERROR][NCS    ] camxncsservice.cpp:1007 EnqueueJob() Can not enqueue jobs when thread is stopped
12-23 21:01:27.432 E/CamX    ( 1118): [ERROR][NCS    ] camxncsservice.cpp:1007 EnqueueJob() Can not enqueue jobs when thread is stopped
12-23 21:01:27.632 E/CamX    ( 1118): [ERROR][NCS    ] camxncsservice.cpp:1007 EnqueueJob() Can not enqueue jobs when thread is stopped
12-23 21:01:27.831 E/CamX    ( 1118): [ERROR][NCS    ] camxncsservice.cpp:1007 EnqueueJob() Can not enqueue jobs when thread is stopped
12-23 21:01:28.032 E/CamX    ( 1118): [ERROR][NCS    ] camxncsservice.cpp:1007 EnqueueJob() Can not enqueue jobs when thread is stopped
12-23 21:01:28.230 E/CamX    ( 1118): [ERROR][NCS    ] camxncsservice.cpp:1007 EnqueueJob() Can not enqueue jobs when thread is stopped
12-23 21:01:28.431 E/CamX    ( 1118): [ERROR][NCS    ] camxncsservice.cpp:1007 EnqueueJob() Can not enqueue jobs when thread is stopped
12-23 21:01:28.631 E/CamX    ( 1118): [ERROR][NCS    ] camxncsservice.cpp:1007 EnqueueJob() Can not enqueue jobs when thread is stopped
12-23 21:01:28.831 E/CamX    ( 1118): [ERROR][NCS    ] camxncsservice.cpp:1007 EnqueueJob() Can not enqueue jobs when thread is stopped
12-23 21:01:28.957 E/CamX    ( 1118): [ERROR][NCS    ] camxncsintfqsee.cpp:2555 FillSensorData() Invalid sensor index -1
12-23 21:01:29.032 E/CamX    ( 1118): [ERROR][NCS    ] camxncsservice.cpp:1007 EnqueueJob() Can not enqueue jobs when thread is stopped
12-23 21:01:29.155 E/CamX    ( 1118): [ERROR][NCS    ] camxncsintfqsee.cpp:2555 FillSensorData() Invalid sensor index -1
12-23 21:01:29.230 E/CamX    ( 1118): [ERROR][NCS    ] camxncsservice.cpp:1007 EnqueueJob() Can not enqueue jobs when thread is stopped
12-23 21:01:29.341 E/RegisteredServicesCache( 5404): Next Tag=services
12-23 21:01:29.341 E/RegisteredServicesCache( 5404): installedServices no uidString 
12-23 21:01:29.341 E/RegisteredServicesCache( 5404): installedServices contains uidString : 10143
12-23 21:01:29.341 E/RegisteredServicesCache( 5404): installedServices contains uidString : 10143
12-23 21:01:29.341 E/RegisteredServicesCache( 5404): 1invalidateCache:WriteServiceStateToFile
12-23 21:01:29.341 E/RegisteredServicesCache( 5404):  Writing service state Data Always
12-23 21:01:29.342 E/RegisteredServicesCache( 5404): component namecom.google.android.gms/com.google.android.gms.nearby.mediums.nearfieldcommunication.NfcAdvertisingService
12-23 21:01:29.342 E/RegisteredServicesCache( 5404): component namecom.google.android.gms/com.google.android.gms.pay.hce.service.PayHceService
12-23 21:01:29.342 E/RegisteredServicesCache( 5404): component namecom.google.android.gms/com.google.android.gms.dck.service.DckNfcApduService
12-23 21:01:29.354 E/CamX    ( 1118): [ERROR][NCS    ] camxncsintfqsee.cpp:2555 FillSensorData() Invalid sensor index -1
12-23 21:01:29.431 E/CamX    ( 1118): [ERROR][NCS    ] camxncsservice.cpp:1007 EnqueueJob() Can not enqueue jobs when thread is stopped
12-23 21:01:29.632 E/CamX    ( 1118): [ERROR][NCS    ] camxncsservice.cpp:1007 EnqueueJob() Can not enqueue jobs when thread is stopped
12-23 21:01:29.757 E/CamX    ( 1118): [ERROR][NCS    ] camxncsintfqsee.cpp:2555 FillSensorData() Invalid sensor index -1
12-23 21:01:29.830 E/CamX    ( 1118): [ERROR][NCS    ] camxncsservice.cpp:1007 EnqueueJob() Can not enqueue jobs when thread is stopped
12-23 21:01:30.032 E/CamX    ( 1118): [ERROR][NCS    ] camxncsservice.cpp:1007 EnqueueJob() Can not enqueue jobs when thread is stopped
12-23 21:01:30.157 E/CamX    ( 1118): [ERROR][NCS    ] camxncsintfqsee.cpp:2555 FillSensorData() Invalid sensor index -1
12-23 21:01:30.233 E/CamX    ( 1118): [ERROR][NCS    ] camxncsservice.cpp:1007 EnqueueJob() Can not enqueue jobs when thread is stopped
12-23 21:01:30.357 E/CamX    ( 1118): [ERROR][NCS    ] camxncsintfqsee.cpp:2555 FillSensorData() Invalid sensor index -1
12-23 21:01:30.432 E/CamX    ( 1118): [ERROR][NCS    ] camxncsservice.cpp:1007 EnqueueJob() Can not enqueue jobs when thread is stopped
12-23 21:01:30.632 E/CamX    ( 1118): [ERROR][NCS    ] camxncsservice.cpp:1007 EnqueueJob() Can not enqueue jobs when thread is stopped
12-23 21:01:30.831 E/CamX    ( 1118): [ERROR][NCS    ] camxncsservice.cpp:1007 EnqueueJob() Can not enqueue jobs when thread is stopped
12-23 21:01:31.032 E/CamX    ( 1118): [ERROR][NCS    ] camxncsservice.cpp:1007 EnqueueJob() Can not enqueue jobs when thread is stopped
12-23 21:01:31.232 E/CamX    ( 1118): [ERROR][NCS    ] camxncsservice.cpp:1007 EnqueueJob() Can not enqueue jobs when thread is stopped
12-23 21:01:31.356 E/CamX    ( 1118): [ERROR][NCS    ] camxncsintfqsee.cpp:2555 FillSensorData() Invalid sensor index -1
12-23 21:01:31.432 E/CamX    ( 1118): [ERROR][NCS    ] camxncsservice.cpp:1007 EnqueueJob() Can not enqueue jobs when thread is stopped
12-23 21:01:31.555 E/CamX    ( 1118): [ERROR][NCS    ] camxncsintfqsee.cpp:2555 FillSensorData() Invalid sensor index -1
12-23 21:01:31.632 E/CamX    ( 1118): [ERROR][NCS    ] camxncsservice.cpp:1007 EnqueueJob() Can not enqueue jobs when thread is stopped
12-23 21:01:31.832 E/CamX    ( 1118): [ERROR][NCS    ] camxncsservice.cpp:1007 EnqueueJob() Can not enqueue jobs when thread is stopped
12-23 21:01:32.032 E/CamX    ( 1118): [ERROR][NCS    ] camxncsservice.cpp:1007 EnqueueJob() Can not enqueue jobs when thread is stopped
12-23 21:01:32.232 E/CamX    ( 1118): [ERROR][NCS    ] camxncsservice.cpp:1007 EnqueueJob() Can not enqueue jobs when thread is stopped
12-23 21:01:32.432 E/CamX    ( 1118): [ERROR][NCS    ] camxncsservice.cpp:1007 EnqueueJob() Can not enqueue jobs when thread is stopped
12-23 21:01:32.557 E/CamX    ( 1118): [ERROR][NCS    ] camxncsintfqsee.cpp:2555 FillSensorData() Invalid sensor index -1
12-23 21:01:32.633 E/CamX    ( 1118): [ERROR][NCS    ] camxncsservice.cpp:1007 EnqueueJob() Can not enqueue jobs when thread is stopped
12-23 21:01:32.757 E/CamX    ( 1118): [ERROR][NCS    ] camxncsintfqsee.cpp:2555 FillSensorData() Invalid sensor index -1
12-23 21:01:32.830 E/CamX    ( 1118): [ERROR][NCS    ] camxncsservice.cpp:1007 EnqueueJob() Can not enqueue jobs when thread is stopped
12-23 21:01:33.032 E/CamX    ( 1118): [ERROR][NCS    ] camxncsservice.cpp:1007 EnqueueJob() Can not enqueue jobs when thread is stopped
12-23 21:01:33.232 E/CamX    ( 1118): [ERROR][NCS    ] camxncsservice.cpp:1007 EnqueueJob() Can not enqueue jobs when thread is stopped
12-23 21:01:33.431 E/CamX    ( 1118): [ERROR][NCS    ] camxncsservice.cpp:1007 EnqueueJob() Can not enqueue jobs when thread is stopped
12-23 21:01:33.632 E/CamX    ( 1118): [ERROR][NCS    ] camxncsservice.cpp:1007 EnqueueJob() Can not enqueue jobs when thread is stopped
12-23 21:01:33.832 E/CamX    ( 1118): [ERROR][NCS    ] camxncsservice.cpp:1007 EnqueueJob() Can not enqueue jobs when thread is stopped
12-23 21:01:34.032 E/CamX    ( 1118): [ERROR][NCS    ] camxncsservice.cpp:1007 EnqueueJob() Can not enqueue jobs when thread is stopped
12-23 21:01:34.155 E/CamX    ( 1118): [ERROR][NCS    ] camxncsintfqsee.cpp:2555 FillSensorData() Invalid sensor index -1
12-23 21:01:34.232 E/CamX    ( 1118): [ERROR][NCS    ] camxncsservice.cpp:1007 EnqueueJob() Can not enqueue jobs when thread is stopped
12-23 21:01:34.358 E/CamX    ( 1118): [ERROR][NCS    ] camxncsintfqsee.cpp:2555 FillSensorData() Invalid sensor index -1
12-23 21:01:34.432 E/CamX    ( 1118): [ERROR][NCS    ] camxncsservice.cpp:1007 EnqueueJob() Can not enqueue jobs when thread is stopped
12-23 21:01:34.632 E/CamX    ( 1118): [ERROR][NCS    ] camxncsservice.cpp:1007 EnqueueJob() Can not enqueue jobs when thread is stopped
12-23 21:01:34.830 E/CamX    ( 1118): [ERROR][NCS    ] camxncsservice.cpp:1007 EnqueueJob() Can not enqueue jobs when thread is stopped
12-23 21:01:35.032 E/CamX    ( 1118): [ERROR][NCS    ] camxncsservice.cpp:1007 EnqueueJob() Can not enqueue jobs when thread is stopped
12-23 21:01:35.232 E/CamX    ( 1118): [ERROR][NCS    ] camxncsservice.cpp:1007 EnqueueJob() Can not enqueue jobs when thread is stopped
12-23 21:01:35.432 E/CamX    ( 1118): [ERROR][NCS    ] camxncsservice.cpp:1007 EnqueueJob() Can not enqueue jobs when thread is stopped
12-23 21:01:35.630 E/CamX    ( 1118): [ERROR][NCS    ] camxncsservice.cpp:1007 EnqueueJob() Can not enqueue jobs when thread is stopped
12-23 21:01:35.830 E/CamX    ( 1118): [ERROR][NCS    ] camxncsservice.cpp:1007 EnqueueJob() Can not enqueue jobs when thread is stopped
12-23 21:01:35.834 E/NativeTurboSchedManagerJni( 1966): open /dev/metis failed!
12-23 21:01:35.835 E/vendor.qti.hardware.perf@2.2-service( 1194): Unknown params
12-23 21:01:35.835 E/vendor.qti.hardware.perf@2.2-service( 1194): Unknown params
12-23 21:01:35.836 E/vendor.qti.hardware.perf@2.2-service( 1194): Unknown params
12-23 21:01:35.836 E/vendor.qti.hardware.perf@2.2-service( 1194): Unknown params
12-23 21:01:35.836 E/ANDR-PERF-LM( 1194): MetaMeter: handleAsync() 166: AdaptLaunch Invalid Async
12-23 21:01:35.836 E/ANDR-PERF-LM( 1194): MetaMeter: handleAsync() 166: AdaptLaunch Invalid Async
12-23 21:01:35.836 E/ANDR-PERF-JNI( 1966): com_qualcomm_qtiperformance_native_perf_io_prefetch_start
12-23 21:01:35.839 E/ANDR-IOP( 1189): io prefetch is disabled
12-23 21:01:35.840 E/vendor.qti.hardware.perf@2.2-service( 1194): Unknown params
12-23 21:01:35.843 E/NativeTurboSchedManagerJni( 4132): open /dev/metis failed!
12-23 21:01:35.843 E/vendor.qti.hardware.perf@2.2-service( 1194): Unknown params
12-23 21:01:35.843 E/vendor.qti.hardware.perf@2.2-service( 1194): Unknown params
12-23 21:01:35.843 E/NativeTurboSchedManagerJni( 4132): open /dev/metis failed!
12-23 21:01:35.847 E/vendor.qti.hardware.perf@2.2-service( 1194): Unknown params
12-23 21:01:35.850 E/NativeTurboSchedManagerJni( 4132): open /dev/metis failed!
12-23 21:01:35.850 E/NativeTurboSchedManagerJni( 4132): open /dev/metis failed!
12-23 21:01:35.852 E/NativeTurboSchedManagerJni( 4132): open /dev/metis failed!
12-23 21:01:35.855 E/Zygote  (11250): process_name_ptr:11250 com.tumurelsedrakiney.pitchebak
12-23 21:01:35.857 E/ActivityManagerWrapper( 3614): get all recent tasks force including 2
12-23 21:01:35.859 E/vendor.qti.hardware.perf@2.2-service( 1194): Unknown params
12-23 21:01:35.859 E/vendor.qti.hardware.perf@2.2-service( 1194): Unknown params
12-23 21:01:35.859 E/ANDR-PERF-LM( 1194): MetaMeter: handleAsync() 166: AdaptLaunch Invalid Async
12-23 21:01:35.860 E/ActivityManagerWrapper( 3614): getRecentTasks: size=3
12-23 21:01:35.860 E/ActivityManagerWrapper( 3614): getRecentTasks: mainTaskId=95   userId=0   windowMode=1   baseIntent=Intent { act=android.intent.action.MAIN flag=270532608 cmp=ComponentInfo{com.tumurelsedrakiney.pitchebak/com.tumurelsedrakiney.pitchebak.MainActivity} }
12-23 21:01:35.860 E/ActivityManagerWrapper( 3614): getRecentTasks: mainTaskId=79   userId=0   windowMode=1   baseIntent=Intent { act=android.intent.action.MAIN flag=270532608 cmp=ComponentInfo{com.google.android.apps.docs/com.google.android.apps.docs.app.NewMainProxyActivity} }
12-23 21:01:35.860 E/ActivityManagerWrapper( 3614): getRecentTasks: mainTaskId=78   userId=0   windowMode=1   baseIntent=Intent { act=android.intent.action.MAIN flag=270532608 cmp=ComponentInfo{com.mi.android.globalFileexplorer/com.android.fileexplorer.FileExplorerTabActivity} }
12-23 21:01:35.866 E/kiney.pitchebak(11250): Not starting debugger since process cannot load the jdwp agent.
12-23 21:01:35.873 E/ActivityManagerWrapper( 3614): get all recent tasks force including 2
12-23 21:01:35.875 E/vendor.qti.hardware.perf@2.2-service( 1194): Unknown params
12-23 21:01:35.875 E/OpenGLRenderer( 4132): Unable to match the desired swap behavior.
12-23 21:01:35.876 E/vendor.qti.hardware.perf@2.2-service( 1194): Unknown params
12-23 21:01:35.877 E/ActivityManagerWrapper( 3614): getRecentTasks: size=3
12-23 21:01:35.877 E/ActivityManagerWrapper( 3614): getRecentTasks: mainTaskId=95   userId=0   windowMode=1   baseIntent=Intent { act=android.intent.action.MAIN flag=270532608 cmp=ComponentInfo{com.tumurelsedrakiney.pitchebak/com.tumurelsedrakiney.pitchebak.MainActivity} }
12-23 21:01:35.877 E/ActivityManagerWrapper( 3614): getRecentTasks: mainTaskId=79   userId=0   windowMode=1   baseIntent=Intent { act=android.intent.action.MAIN flag=270532608 cmp=ComponentInfo{com.google.android.apps.docs/com.google.android.apps.docs.app.NewMainProxyActivity} }
12-23 21:01:35.877 E/ActivityManagerWrapper( 3614): getRecentTasks: mainTaskId=78   userId=0   windowMode=1   baseIntent=Intent { act=android.intent.action.MAIN flag=270532608 cmp=ComponentInfo{com.mi.android.globalFileexplorer/com.android.fileexplorer.FileExplorerTabActivity} }
12-23 21:01:35.878 E/ANDR-PERF-LM( 1194): MetaMeter: handleAsync() 166: AdaptLaunch Invalid Async
12-23 21:01:35.881 E/vendor.qti.hardware.perf@2.2-service( 1194): Unknown params
12-23 21:01:35.888 E/NativeTurboSchedManagerJni( 1966): open /dev/metis failed!
12-23 21:01:35.888 E/NativeTurboSchedManagerJni( 1966): open /dev/metis failed!
12-23 21:01:35.893 E/NativeTurboSchedManagerJni( 1966): open /dev/metis failed!
12-23 21:01:35.894 E/NativeTurboSchedManagerJni( 4132): open /dev/metis failed!
12-23 21:01:35.896 E/NativeTurboSchedManagerJni( 4132): open /dev/metis failed!
--------- beginning of system
12-23 21:01:35.897 E/onWindowDecorRectChanged( 4132): start size:1
12-23 21:01:35.897 E/onWindowDecorRectChanged( 4132): windowDecorRects: Rect(454, 12 - 625, 113)
12-23 21:01:35.941 E/SDM     ( 1181): HWCSession::GetClientTargetProperty: GetClinetTargetProperty interface enter
12-23 21:01:35.950 E/ActivityManagerWrapper( 3614): get all recent tasks force including 95
12-23 21:01:35.951 E/ActivityManagerWrapper( 3614): getRecentTasks: size=3
12-23 21:01:35.951 E/ActivityManagerWrapper( 3614): getRecentTasks: mainTaskId=95   userId=0   windowMode=1   baseIntent=Intent { act=android.intent.action.MAIN flag=270532608 cmp=ComponentInfo{com.tumurelsedrakiney.pitchebak/com.tumurelsedrakiney.pitchebak.MainActivity} }
12-23 21:01:35.951 E/ActivityManagerWrapper( 3614): getRecentTasks: mainTaskId=79   userId=0   windowMode=1   baseIntent=Intent { act=android.intent.action.MAIN flag=270532608 cmp=ComponentInfo{com.google.android.apps.docs/com.google.android.apps.docs.app.NewMainProxyActivity} }
12-23 21:01:35.951 E/ActivityManagerWrapper( 3614): getRecentTasks: mainTaskId=78   userId=0   windowMode=1   baseIntent=Intent { act=android.intent.action.MAIN flag=270532608 cmp=ComponentInfo{com.mi.android.globalFileexplorer/com.android.fileexplorer.FileExplorerTabActivity} }
12-23 21:01:35.954 E/kiney.pitchebak(11250): Invalid resource ID 0x00000000.
12-23 21:01:35.957 E/ActivityManagerWrapper( 3614): get all recent tasks force including 95
12-23 21:01:35.957 E/SDM     ( 1181): HWCSession::GetClientTargetProperty: GetClinetTargetProperty interface enter
12-23 21:01:35.959 E/ActivityManagerWrapper( 3614): getRecentTasks: size=3
12-23 21:01:35.959 E/ActivityManagerWrapper( 3614): getRecentTasks: mainTaskId=95   userId=0   windowMode=1   baseIntent=Intent { act=android.intent.action.MAIN flag=270532608 cmp=ComponentInfo{com.tumurelsedrakiney.pitchebak/com.tumurelsedrakiney.pitchebak.MainActivity} }
12-23 21:01:35.959 E/ActivityManagerWrapper( 3614): getRecentTasks: mainTaskId=79   userId=0   windowMode=1   baseIntent=Intent { act=android.intent.action.MAIN flag=270532608 cmp=ComponentInfo{com.google.android.apps.docs/com.google.android.apps.docs.app.NewMainProxyActivity} }
12-23 21:01:35.959 E/ActivityManagerWrapper( 3614): getRecentTasks: mainTaskId=78   userId=0   windowMode=1   baseIntent=Intent { act=android.intent.action.MAIN flag=270532608 cmp=ComponentInfo{com.mi.android.globalFileexplorer/com.android.fileexplorer.FileExplorerTabActivity} }
12-23 21:01:35.974 E/SDM     ( 1181): HWCSession::GetClientTargetProperty: GetClinetTargetProperty interface enter
12-23 21:01:35.977 E/FramePredict(11250): registerContentObserver fail
12-23 21:01:35.991 E/SDM     ( 1181): HWCSession::GetClientTargetProperty: GetClinetTargetProperty interface enter
12-23 21:01:36.007 E/SDM     ( 1181): HWCSession::GetClientTargetProperty: GetClinetTargetProperty interface enter
12-23 21:01:36.011 E/OpenGLRenderer(11250): Unable to match the desired swap behavior.
12-23 21:01:36.024 E/SDM     ( 1181): HWCSession::GetClientTargetProperty: GetClinetTargetProperty interface enter
12-23 21:01:36.029 E/CamX    ( 1118): [ERROR][NCS    ] camxncsservice.cpp:1007 EnqueueJob() Can not enqueue jobs when thread is stopped
12-23 21:01:36.040 E/SDM     ( 1181): HWCSession::GetClientTargetProperty: GetClinetTargetProperty interface enter
12-23 21:01:36.057 E/SDM     ( 1181): HWCSession::GetClientTargetProperty: GetClinetTargetProperty interface enter
12-23 21:01:36.073 E/SDM     ( 1181): HWCSession::GetClientTargetProperty: GetClinetTargetProperty interface enter
12-23 21:01:36.090 E/SDM     ( 1181): HWCSession::GetClientTargetProperty: GetClinetTargetProperty interface enter
12-23 21:01:36.091 E/vendor.qti.hardware.perf@2.2-service( 1194): Unknown params
12-23 21:01:36.107 E/SDM     ( 1181): HWCSession::GetClientTargetProperty: GetClinetTargetProperty interface enter
12-23 21:01:36.115 I/ReactNativeJS(11250): Running "main"
12-23 21:01:36.116 W/ReactNativeJS(11250): SafeAreaView has been deprecated and will be removed in a future release. Please use 'react-native-safe-area-context' instead. See https://github.com/th3rdwave/react-native-safe-area-context
12-23 21:01:36.123 E/SDM     ( 1181): HWCSession::GetClientTargetProperty: GetClinetTargetProperty interface enter
12-23 21:01:36.132 E/ReactNativeJS(11250): { [Error: Invalid route ./+error.tsx. Route nodes cannot start with the '+' character. "Rename it to error.tsx"]
12-23 21:01:36.132 E/ReactNativeJS(11250):   componentStack: '\n    at ContextNavigator (address at index.android.bundle:1:1564836)\n    at ExpoRoot (address at index.android.bundle:1:1564479)\n    at App (<anonymous>)\n    at RCTView (<anonymous>)\n    at View (address at index.android.bundle:1:508477)\n    at CssInterop.View (address at index.android.bundle:1:513098)\n    at AppContainer (address at index.android.bundle:1:507804)',
12-23 21:01:36.132 E/ReactNativeJS(11250):   isComponentError: true }
--------- beginning of crash
12-23 21:01:36.134 E/AndroidRuntime(11250): FATAL EXCEPTION: mqt_v_native
12-23 21:01:36.134 E/AndroidRuntime(11250): Process: com.tumurelsedrakiney.pitchebak, PID: 11250
12-23 21:01:36.134 E/AndroidRuntime(11250): com.facebook.react.common.JavascriptException: Error: Invalid route ./+error.tsx. Route nodes cannot start with the '+' character. "Rename it to error.tsx"
12-23 21:01:36.134 E/AndroidRuntime(11250): 
12-23 21:01:36.134 E/AndroidRuntime(11250): This error is located at:
12-23 21:01:36.134 E/AndroidRuntime(11250):     at ContextNavigator (address at index.android.bundle:1:1564836)
12-23 21:01:36.134 E/AndroidRuntime(11250):     at ExpoRoot (address at index.android.bundle:1:1564479)
12-23 21:01:36.134 E/AndroidRuntime(11250):     at App (<anonymous>)
12-23 21:01:36.134 E/AndroidRuntime(11250):     at RCTView (<anonymous>)
12-23 21:01:36.134 E/AndroidRuntime(11250):     at View (address at index.android.bundle:1:508477)
12-23 21:01:36.134 E/AndroidRuntime(11250):     at CssInterop.View (address at index.android.bundle:1:513098)
12-23 21:01:36.134 E/AndroidRuntime(11250):     at AppContainer (address at index.android.bundle:1:507804), stack:
12-23 21:01:36.134 E/AndroidRuntime(11250): getFileMeta@1:1531941
12-23 21:01:36.134 E/AndroidRuntime(11250): _loop3@1:1529711
12-23 21:01:36.134 E/AndroidRuntime(11250): getDirectoryTree@1:1528561
12-23 21:01:36.134 E/AndroidRuntime(11250): getRoutes@1:1527545
12-23 21:01:36.134 E/AndroidRuntime(11250): getRoutes@1:1526541
12-23 21:01:36.134 E/AndroidRuntime(11250): useStore@1:1498048
12-23 21:01:36.134 E/AndroidRuntime(11250): ContextNavigator@1:1564994
12-23 21:01:36.134 E/AndroidRuntime(11250): renderWithHooks@1:266858
12-23 21:01:36.134 E/AndroidRuntime(11250): updateFunctionComponent@1:285687
12-23 21:01:36.134 E/AndroidRuntime(11250): beginWork@1:293571
12-23 21:01:36.134 E/AndroidRuntime(11250): performUnitOfWork@1:312254
12-23 21:01:36.134 E/AndroidRuntime(11250): workLoopSync@1:311262
12-23 21:01:36.134 E/AndroidRuntime(11250): renderRootSync@1:311094
12-23 21:01:36.134 E/AndroidRuntime(11250): performWorkOnRoot@1:308738
12-23 21:01:36.134 E/AndroidRuntime(11250): performWorkOnRootViaSchedulerTask@1:262316
12-23 21:01:36.134 E/AndroidRuntime(11250): 
12-23 21:01:36.134 E/AndroidRuntime(11250): 	at com.facebook.react.modules.core.ExceptionsManagerModule.reportException(ExceptionsManagerModule.kt:52)
12-23 21:01:36.134 E/AndroidRuntime(11250): 	at com.facebook.jni.NativeRunnable.run(Native Method)
12-23 21:01:36.134 E/AndroidRuntime(11250): 	at android.os.Handler.handleCallback(Handler.java:958)
12-23 21:01:36.134 E/AndroidRuntime(11250): 	at android.os.Handler.dispatchMessage(Handler.java:99)
12-23 21:01:36.134 E/AndroidRuntime(11250): 	at com.facebook.react.bridge.queue.MessageQueueThreadHandler.dispatchMessage(MessageQueueThreadHandler.kt:21)
12-23 21:01:36.134 E/AndroidRuntime(11250): 	at android.os.Looper.loopOnce(Looper.java:224)
12-23 21:01:36.134 E/AndroidRuntime(11250): 	at android.os.Looper.loop(Looper.java:318)
12-23 21:01:36.134 E/AndroidRuntime(11250): 	at com.facebook.react.bridge.queue.MessageQueueThreadImpl$Companion.startNewBackgroundThread$lambda$1(MessageQueueThreadImpl.kt:175)
12-23 21:01:36.134 E/AndroidRuntime(11250): 	at com.facebook.react.bridge.queue.MessageQueueThreadImpl$Companion.$r8$lambda$ldnZnqelhYFctGaUKkOKYj5rxo4(Unknown Source:0)
12-23 21:01:36.134 E/AndroidRuntime(11250): 	at com.facebook.react.bridge.queue.MessageQueueThreadImpl$Companion$$ExternalSyntheticLambda0.run(D8$$SyntheticClass:0)
12-23 21:01:36.134 E/AndroidRuntime(11250): 	at java.lang.Thread.run(Thread.java:1012)
12-23 21:01:36.136 E/JavaExceptionHandler( 5381): Process: com.tumurelsedrakiney.pitchebak, PID: 11250
12-23 21:01:36.136 E/JavaExceptionHandler( 5381): com.facebook.react.common.JavascriptException: Error: Invalid route ./+error.tsx. Route nodes cannot start with the '+' character. "Rename it to error.tsx"
12-23 21:01:36.136 E/JavaExceptionHandler( 5381): 
12-23 21:01:36.136 E/JavaExceptionHandler( 5381): This error is located at:
12-23 21:01:36.136 E/JavaExceptionHandler( 5381):     at ContextNavigator (address at index.android.bundle:1:1564836)
12-23 21:01:36.136 E/JavaExceptionHandler( 5381):     at ExpoRoot (address at index.android.bundle:1:1564479)
12-23 21:01:36.136 E/JavaExceptionHandler( 5381):     at App (<anonymous>)
12-23 21:01:36.136 E/JavaExceptionHandler( 5381):     at RCTView (<anonymous>)
12-23 21:01:36.136 E/JavaExceptionHandler( 5381):     at View (address at index.android.bundle:1:508477)
12-23 21:01:36.136 E/JavaExceptionHandler( 5381):     at CssInterop.View (address at index.android.bundle:1:513098)
12-23 21:01:36.136 E/JavaExceptionHandler( 5381):     at AppContainer (address at index.android.bundle:1:507804), stack:
12-23 21:01:36.136 E/JavaExceptionHandler( 5381): getFileMeta@1:1531941
12-23 21:01:36.136 E/JavaExceptionHandler( 5381): _loop3@1:1529711
12-23 21:01:36.136 E/JavaExceptionHandler( 5381): getDirectoryTree@1:1528561
12-23 21:01:36.136 E/JavaExceptionHandler( 5381): getRoutes@1:1527545
12-23 21:01:36.136 E/JavaExceptionHandler( 5381): getRoutes@1:1526541
12-23 21:01:36.136 E/JavaExceptionHandler( 5381): useStore@1:1498048
12-23 21:01:36.136 E/JavaExceptionHandler( 5381): ContextNavigator@1:1564994
12-23 21:01:36.136 E/JavaExceptionHandler( 5381): renderWithHooks@1:266858
12-23 21:01:36.136 E/JavaExceptionHandler( 5381): updateFunctionComponent@1:285687
12-23 21:01:36.136 E/JavaExceptionHandler( 5381): beginWork@1:293571
12-23 21:01:36.136 E/JavaExceptionHandler( 5381): performUnitOfWork@1:312254
12-23 21:01:36.136 E/JavaExceptionHandler( 5381): workLoopSync@1:311262
12-23 21:01:36.136 E/JavaExceptionHandler( 5381): renderRootSync@1:311094
12-23 21:01:36.136 E/JavaExceptionHandler( 5381): performWorkOnRoot@1:308738
12-23 21:01:36.136 E/JavaExceptionHandler( 5381): performWorkOnRootViaSchedulerTask@1:262316
12-23 21:01:36.136 E/JavaExceptionHandler( 5381): 
12-23 21:01:36.136 E/JavaExceptionHandler( 5381): 	at com.facebook.react.modules.core.ExceptionsManagerModule.reportException(ExceptionsManagerModule.kt:52)
12-23 21:01:36.136 E/JavaExceptionHandler( 5381): 	at com.facebook.jni.NativeRunnable.run(Native Method)
12-23 21:01:36.136 E/JavaExceptionHandler( 5381): 	at android.os.Handler.handleCallback(Handler.java:958)
12-23 21:01:36.136 E/JavaExceptionHandler( 5381): 	at android.os.Handler.dispatchMessage(Handler.java:99)
12-23 21:01:36.136 E/JavaExceptionHandler( 5381): 	at com.facebook.react.bridge.queue.MessageQueueThreadHandler.dispatchMessage(MessageQueueThreadHandler.kt:21)
12-23 21:01:36.136 E/JavaExceptionHandler( 5381): 	at android.os.Looper.loopOnce(Looper.java:224)
12-23 21:01:36.136 E/JavaExceptionHandler( 5381): 	at android.os.Looper.loop(Looper.java:318)
12-23 21:01:36.136 E/JavaExceptionHandler( 5381): 	at com.facebook.react.bridge.queue.MessageQueueThreadImpl$Companion.startNewBackgroundThread$lambda$1(MessageQueueThreadImpl.kt:175)
12-23 21:01:36.136 E/JavaExceptionHandler( 5381): 	at com.facebook.react.bridge.queue.MessageQueueThreadImpl$Companion.$r8$lambda$ldnZnqelhYFctGaUKkOKYj5rxo4(Unknown Source:0)
12-23 21:01:36.136 E/JavaExceptionHandler( 5381): 	at com.facebook.react.bridge.queue.MessageQueueThreadImpl$Companion$$ExternalSyntheticLambda0.run(D8$$SyntheticClass:0)
12-23 21:01:36.136 E/JavaExceptionHandler( 5381): 	at java.lang.Thread.run(Thread.java:1012)
12-23 21:01:36.137 E/NativeTurboSchedManagerJni( 1966): open /dev/metis failed!
12-23 21:01:36.138 E/NativeTurboSchedManagerJni( 4132): open /dev/metis failed!
12-23 21:01:36.138 E/NativeTurboSchedManagerJni( 4132): open /dev/metis failed!
12-23 21:01:36.140 E/SDM     ( 1181): HWCSession::GetClientTargetProperty: GetClinetTargetProperty interface enter
12-23 21:01:36.144 E/vendor.qti.hardware.perf@2.2-service( 1194): Unknown params
12-23 21:01:36.147 E/NativeTurboSchedManagerJni( 4132): open /dev/metis failed!
12-23 21:01:36.148 E/onWindowDecorRectChanged( 4132): start size:0
12-23 21:01:36.157 E/SDM     ( 1181): HWCSession::GetClientTargetProperty: GetClinetTargetProperty interface enter
12-23 21:01:36.164 E/ProcessManager( 1966): error write exception log
12-23 21:01:36.167 E/vendor.qti.hardware.perf@2.2-service( 1194): Unknown params
12-23 21:01:36.167 E/vendor.qti.hardware.perf@2.2-service( 1194): Unknown params
12-23 21:01:36.167 E/ANDR-PERF-OPTSHANDLER( 1194): Perflock resource /sys/class/devfreq/soc:qcom,cpubw/max_freq not supported
12-23 21:01:36.167 E/ANDR-PERF-RESOURCEQS( 1194): Failed to apply optimization [6, 6]
12-23 21:01:36.168 E/ANDR-PERF-OPTSHANDLER( 1194): Perflock resource /sys/class/devfreq/soc:qcom,cpubw/min_freq not supported
12-23 21:01:36.168 E/ANDR-PERF-RESOURCEQS( 1194): Failed to apply optimization [6, 0]
12-23 21:01:36.170 E/Launcher.application( 3614): setClickAppWaitForCallback = false
12-23 21:01:36.171 E/vendor.qti.hardware.perf@2.2-service( 1194): Unknown params
12-23 21:01:36.173 E/SDM     ( 1181): HWCSession::GetClientTargetProperty: GetClinetTargetProperty interface enter
12-23 21:01:36.175 E/vendor.qti.hardware.perf@2.2-service( 1194): Unknown params
12-23 21:01:36.177 E/NativeTurboSchedManagerJni( 1966): open /dev/metis failed!
12-23 21:01:36.177 E/NativeTurboSchedManagerJni( 1966): open /dev/metis failed!
12-23 21:01:36.190 E/SDM     ( 1181): HWCSession::GetClientTargetProperty: GetClinetTargetProperty interface enter
12-23 21:01:36.190 E/NativeTurboSchedManagerJni( 1966): open /dev/metis failed!
12-23 21:01:36.190 E/NativeTurboSchedManagerJni( 1966): open /dev/metis failed!
12-23 21:01:36.191 E/NativeTurboSchedManagerJni( 1966): open /dev/metis failed!
12-23 21:01:36.194 E/NativeTurboSchedManagerJni( 1966): open /dev/metis failed!
12-23 21:01:36.194 E/NativeTurboSchedManagerJni( 4132): open /dev/metis failed!
12-23 21:01:36.195 E/NativeTurboSchedManagerJni( 1966): open /dev/metis failed!
12-23 21:01:36.195 E/SurfaceComposerClient( 4132): SurfaceComposerClient::Transaction::setAlpha: invalid alpha 1.000064, clamping
12-23 21:01:36.196 E/NativeTurboSchedManagerJni( 4132): open /dev/metis failed!
12-23 21:01:36.200 E/RemoteAnimationAdapterCompat( 3614): printLeash::index = 0, root = {WCT{android.window.IWindowContainerToken$Stub$Proxy@306514f} m=TO_FRONT f=SHOW_WALLPAPER|MOVE_TO_TOP leash=Surface(name=Task=1#47)/@0x890e0dc sb=Rect(0, 0 - 1080, 2400) eb=Rect(0, 0 - 1080, 2400) d=0}
12-23 21:01:36.200 E/RemoteAnimationAdapterCompat( 3614): 0, check isClosingType type = 2, mode = 3
12-23 21:01:36.200 E/RemoteAnimationAdapterCompat( 3614): 1, check isClosingType type = 1, mode = 2
12-23 21:01:36.206 E/LauncherAnimationRunner( 3614): onAnimationStart
12-23 21:01:36.206 E/LauncherAnimationRunner( 3614): onAnimationStart:   target=RemoteAnimationTargetCompat{taskId=1, mode=0, isTranslucent=false, clipRect=Rect(0, 0 - 0, 0), position=Point(0, 0), sourceContainerBounds=Rect(0, 0 - 1080, 2400), prefixOrderIndex=2, isNotInRecents=false, contentInsets=Rect(0, 0 - 0, 0), activityType=2, packageName=com.miui.home, startBounds=Rect(0, 0 - 1080, 2400), windowType=-1}
12-23 21:01:36.206 E/LauncherAnimationRunner( 3614): onAnimationStart:   target=RemoteAnimationTargetCompat{taskId=95, mode=1, isTranslucent=false, clipRect=Rect(0, 0 - 0, 0), position=Point(0, 0), sourceContainerBounds=Rect(0, 0 - 1080, 2400), prefixOrderIndex=1, isNotInRecents=true, contentInsets=Rect(0, 0 - 0, 0), activityType=1, packageName=com.tumurelsedrakiney.pitchebak, startBounds=Rect(0, 0 - 1080, 2400), windowType=-1}
12-23 21:01:36.207 E/QuickstepAppTransitionManagerImpl( 3614): startClosingWindowAnimators
12-23 21:01:36.207 E/QuickstepAppTransitionManagerImpl( 3614): getWindowTargetBounds    bounds=Rect(0, 0 - 1080, 2400)
12-23 21:01:36.208 E/ClipAnimationHelper( 3614): updateSourceStack  mSourceInsets=Rect(0, 0 - 0, 0), mSourceStackBounds=Rect(0, 0 - 1080, 2400)
12-23 21:01:36.208 E/ClipAnimationHelper( 3614): updateHomeStack  mSourceInsets=Rect(0, 0 - 0, 0), mHomeStackBounds=Rect(0, 0 - 1080, 2400)
12-23 21:01:36.208 E/ClipAnimationHelper( 3614): updateTargetRect  mSourceRect=RectF(0.0, 0.0, 1080.0, 2400.0)   mTargetRect=RectF(0.0, 0.0, 1080.0, 2400.0)   mSourceWindowClipInsets=RectF(0.0, 0.0, 0.0, 0.0)   mHomeStackBounds=Rect(0, 0 - 1080, 2400)   targetRect=Rect(0, 0 - 1080, 2400)
12-23 21:01:36.209 E/FloatingIconViewClosing( 3614): recycle
12-23 21:01:36.209 E/Launcher.Boost( 3614): setDynamicVIPContextForGC: mIsTurboSchedDisabled :false   isBoost=true   mIsDynamicVIPContextForGCDisabled=false
12-23 21:01:36.209 E/Launcher.Boost( 3614): setDynamicVIPContextForGC: success isBoostContext:true
12-23 21:01:36.209 E/QuickstepAppTransitionManagerImpl( 3614): startLauncherContentAnimator:isAppOpening=false
12-23 21:01:36.209 E/TurboSchedMonitor( 3614): invoke error.
12-23 21:01:36.209 E/TurboSchedMonitor( 3614): java.lang.NoSuchMethodException: dalvik.system.VMRuntime.setDynamicVIPContextForGC [boolean]
12-23 21:01:36.209 E/TurboSchedMonitor( 3614): 	at java.lang.Class.getMethod(Class.java:2950)
12-23 21:01:36.209 E/TurboSchedMonitor( 3614): 	at java.lang.Class.getMethod(Class.java:2450)
12-23 21:01:36.209 E/TurboSchedMonitor( 3614): 	at android.os.TurboSchedMonitorImpl.invoke_setDynamicVIPContextForGC(TurboSchedMonitorImpl.java:1199)
12-23 21:01:36.209 E/TurboSchedMonitor( 3614): 	at android.os.TurboSchedMonitorImpl.-$$Nest$sminvoke_setDynamicVIPContextForGC(Unknown Source:0)
12-23 21:01:36.209 E/TurboSchedMonitor( 3614): 	at android.os.TurboSchedMonitorImpl$TurboClientHandler.handleMessage(TurboSchedMonitorImpl.java:1418)
12-23 21:01:36.209 E/TurboSchedMonitor( 3614): 	at android.os.Handler.dispatchMessage(Handler.java:106)
12-23 21:01:36.209 E/TurboSchedMonitor( 3614): 	at android.os.Looper.loopOnce(Looper.java:224)
12-23 21:01:36.209 E/TurboSchedMonitor( 3614): 	at android.os.Looper.loop(Looper.java:318)
12-23 21:01:36.209 E/TurboSchedMonitor( 3614): 	at android.os.HandlerThread.run(HandlerThread.java:67)
12-23 21:01:36.210 E/StateBroadcastUtils( 3614): sendFsStateBroadCast state=closeWindow   channel=navigation_bar   packageName=
12-23 21:01:36.229 E/CamX    ( 1118): [ERROR][NCS    ] camxncsservice.cpp:1007 EnqueueJob() Can not enqueue jobs when thread is stopped
12-23 21:01:36.271 E/BlurUtils( 3614): fastBlurDirectly ratio=0.0   win=com.android.internal.policy.PhoneWindow@7246fdc
12-23 21:01:36.354 E/CamX    ( 1118): [ERROR][NCS    ] camxncsintfqsee.cpp:2555 FillSensorData() Invalid sensor index -1
12-23 21:01:36.429 E/CamX    ( 1118): [ERROR][NCS    ] camxncsservice.cpp:1007 EnqueueJob() Can not enqueue jobs when thread is stopped
12-23 21:01:36.471 E/SDM     ( 1181): HWCSession::GetClientTargetProperty: GetClinetTargetProperty interface enter
12-23 21:01:36.554 E/CamX    ( 1118): [ERROR][NCS    ] camxncsintfqsee.cpp:2555 FillSensorData() Invalid sensor index -1
12-23 21:01:36.629 E/CamX    ( 1118): [ERROR][NCS    ] camxncsservice.cpp:1007 EnqueueJob() Can not enqueue jobs when thread is stopped
12-23 21:01:36.829 E/CamX    ( 1118): [ERROR][NCS    ] camxncsservice.cpp:1007 EnqueueJob() Can not enqueue jobs when thread is stopped
12-23 21:01:37.002 E/Launcher.Boost( 3614): setDynamicVIPContextForGC: mIsTurboSchedDisabled :false   isBoost=false   mIsDynamicVIPContextForGCDisabled=false
12-23 21:01:37.002 E/Launcher.Boost( 3614): setDynamicVIPContextForGC: success isBoostContext:false
12-23 21:01:37.002 E/TurboSchedMonitor( 3614): invoke error.
12-23 21:01:37.002 E/TurboSchedMonitor( 3614): java.lang.NoSuchMethodException: dalvik.system.VMRuntime.setDynamicVIPContextForGC [boolean]
12-23 21:01:37.002 E/TurboSchedMonitor( 3614): 	at java.lang.Class.getMethod(Class.java:2950)
12-23 21:01:37.002 E/TurboSchedMonitor( 3614): 	at java.lang.Class.getMethod(Class.java:2450)
12-23 21:01:37.002 E/TurboSchedMonitor( 3614): 	at android.os.TurboSchedMonitorImpl.invoke_setDynamicVIPContextForGC(TurboSchedMonitorImpl.java:1199)
12-23 21:01:37.002 E/TurboSchedMonitor( 3614): 	at android.os.TurboSchedMonitorImpl.-$$Nest$sminvoke_setDynamicVIPContextForGC(Unknown Source:0)
12-23 21:01:37.002 E/TurboSchedMonitor( 3614): 	at android.os.TurboSchedMonitorImpl$TurboClientHandler.handleMessage(TurboSchedMonitorImpl.java:1418)
12-23 21:01:37.002 E/TurboSchedMonitor( 3614): 	at android.os.Handler.dispatchMessage(Handler.java:106)
12-23 21:01:37.002 E/TurboSchedMonitor( 3614): 	at android.os.Looper.loopOnce(Looper.java:224)
12-23 21:01:37.002 E/TurboSchedMonitor( 3614): 	at android.os.Looper.loop(Looper.java:318)
12-23 21:01:37.002 E/TurboSchedMonitor( 3614): 	at android.os.HandlerThread.run(HandlerThread.java:67)
12-23 21:01:37.002 E/ConnectAnimFinishCallbackManager( 3614): call executeFinishCallback, toHome = true
12-23 21:01:37.002 E/ConnectAnimFinishCallbackManager( 3614): java.lang.Exception
12-23 21:01:37.002 E/ConnectAnimFinishCallbackManager( 3614): 	at com.android.systemui.shared.recents.utilities.RemoteAnimationFinishCallbackManager.executeFinishCallback(RemoteAnimationFinishCallbackManager.java:160)
12-23 21:01:37.002 E/ConnectAnimFinishCallbackManager( 3614): 	at com.android.systemui.shared.recents.utilities.RemoteAnimationFinishCallbackManager.executeFinishCallback(RemoteAnimationFinishCallbackManager.java:143)
12-23 21:01:37.002 E/ConnectAnimFinishCallbackManager( 3614): 	at com.miui.home.recents.QuickstepAppTransitionManagerImpl$WallpaperOpenLauncherAnimationRunner$1.onAnimationEnd(QuickstepAppTransitionManagerImpl.java:1328)
12-23 21:01:37.002 E/ConnectAnimFinishCallbackManager( 3614): 	at com.miui.home.recents.util.RectFSpringAnim.lambda$init$1$RectFSpringAnim(RectFSpringAnim.java:205)
12-23 21:01:37.002 E/ConnectAnimFinishCallbackManager( 3614): 	at com.miui.home.recents.util.-$$Lambda$RectFSpringAnim$62XYQO9gz6raJ-D8Mw6-7b5BC_I.onAnimationEnd(Unknown Source:2)
12-23 21:01:37.002 E/ConnectAnimFinishCallbackManager( 3614): 	at com.miui.home.recents.anim.MultiSpringDynamicAnimation.endAnimationInternal(MultiSpringDynamicAnimation.java:177)
12-23 21:01:37.002 E/ConnectAnimFinishCallbackManager( 3614): 	at com.miui.home.recents.anim.MultiSpringDynamicAnimation.doAnimationFrame(MultiSpringDynamicAnimation.java:166)
12-23 21:01:37.002 E/ConnectAnimFinishCallbackManager( 3614): 	at com.miui.home.recents.anim.AnimationHandler.doAnimationFrame(AnimationHandler.java:117)
12-23 21:01:37.002 E/ConnectAnimFinishCallbackManager( 3614): 	at com.miui.home.recents.anim.AnimationHandler$AnimationCallbackDispatcher.dispatchAnimationFrame(AnimationHandler.java:32)
12-23 21:01:37.002 E/ConnectAnimFinishCallbackManager( 3614): 	at com.miui.home.recents.anim.AnimationHandler$FrameCallbackProvider16$1.doFrame(AnimationHandler.java:165)
12-23 21:01:37.002 E/ConnectAnimFinishCallbackManager( 3614): 	at android.view.Choreographer$CallbackRecord.run(Choreographer.java:1592)
12-23 21:01:37.002 E/ConnectAnimFinishCallbackManager( 3614): 	at android.view.Choreographer$CallbackRecord.run(Choreographer.java:1603)
12-23 21:01:37.002 E/ConnectAnimFinishCallbackManager( 3614): 	at android.view.Choreographer.doCallbacks(Choreographer.java:1125)
12-23 21:01:37.002 E/ConnectAnimFinishCallbackManager( 3614): 	at android.view.Choreographer.doFrame(Choreographer.java:1026)
12-23 21:01:37.002 E/ConnectAnimFinishCallbackManager( 3614): 	at android.view.Choreographer$FrameDisplayEventReceiver.run(Choreographer.java:1567)
12-23 21:01:37.002 E/ConnectAnimFinishCallbackManager( 3614): 	at android.os.Handler.handleCallback(Handler.java:958)
12-23 21:01:37.002 E/ConnectAnimFinishCallbackManager( 3614): 	at android.os.Handler.dispatchMessage(Handler.java:99)
12-23 21:01:37.002 E/ConnectAnimFinishCallbackManager( 3614): 	at android.os.Looper.loopOnce(Looper.java:224)
12-23 21:01:37.002 E/ConnectAnimFinishCallbackManager( 3614): 	at android.os.Looper.loop(Looper.java:318)
12-23 21:01:37.002 E/ConnectAnimFinishCallbackManager( 3614): 	at android.app.ActivityThread.main(ActivityThread.java:8790)
12-23 21:01:37.002 E/ConnectAnimFinishCallbackManager( 3614): 	at java.lang.reflect.Method.invoke(Native Method)
12-23 21:01:37.002 E/ConnectAnimFinishCallbackManager( 3614): 	at com.android.internal.os.RuntimeInit$MethodAndArgsCaller.run(RuntimeInit.java:561)
12-23 21:01:37.002 E/ConnectAnimFinishCallbackManager( 3614): 	at com.android.internal.os.ZygoteInit.main(ZygoteInit.java:1013)
12-23 21:01:37.003 E/FloatingIconViewClosing( 3614): recycle
12-23 21:01:37.009 E/ActivityManagerWrapper( 3614): get all recent tasks force including 2
12-23 21:01:37.010 E/ActivityManagerWrapper( 3614): getRecentTasks: size=3
12-23 21:01:37.010 E/ActivityManagerWrapper( 3614): getRecentTasks: mainTaskId=95   userId=0   windowMode=1   baseIntent=Intent { act=android.intent.action.MAIN flag=270532608 cmp=ComponentInfo{com.tumurelsedrakiney.pitchebak/com.tumurelsedrakiney.pitchebak.MainActivity} }
12-23 21:01:37.010 E/ActivityManagerWrapper( 3614): getRecentTasks: mainTaskId=79   userId=0   windowMode=1   baseIntent=Intent { act=android.intent.action.MAIN flag=270532608 cmp=ComponentInfo{com.google.android.apps.docs/com.google.android.apps.docs.app.NewMainProxyActivity} }
12-23 21:01:37.010 E/ActivityManagerWrapper( 3614): getRecentTasks: mainTaskId=78   userId=0   windowMode=1   baseIntent=Intent { act=android.intent.action.MAIN flag=270532608 cmp=ComponentInfo{com.mi.android.globalFileexplorer/com.android.fileexplorer.FileExplorerTabActivity} }
12-23 21:01:37.019 E/RotationHelper( 3614): setCurrentTransitionRequest: request=0
12-23 21:01:37.029 E/CamX    ( 1118): [ERROR][NCS    ] camxncsservice.cpp:1007 EnqueueJob() Can not enqueue jobs when thread is stopped
12-23 21:01:37.038 E/LauncherAnimationRunner( 3614): finish: mFinishRunnable.run
12-23 21:01:37.229 E/CamX    ( 1118): [ERROR][NCS    ] camxncsservice.cpp:1007 EnqueueJob() Can not enqueue jobs when thread is stopped
12-23 21:01:37.429 E/CamX    ( 1118): [ERROR][NCS    ] camxncsservice.cpp:1007 EnqueueJob() Can not enqueue jobs when thread is stopped
12-23 21:01:37.629 E/CamX    ( 1118): [ERROR][NCS    ] camxncsservice.cpp:1007 EnqueueJob() Can not enqueue jobs when thread is stopped
12-23 21:01:37.829 E/CamX    ( 1118): [ERROR][NCS    ] camxncsservice.cpp:1007 EnqueueJob() Can not enqueue jobs when thread is stopped
12-23 21:01:37.878 E/ANDR-PERF-UTIL( 1194): Failed to update node /proc/11250/sched_boost with value 0
12-23 21:01:37.878 E/ANDR-PERF-OPTSHANDLER( 1194): can't reset task 11250
12-23 21:01:37.878 E/ANDR-PERF-RESOURCEQS( 1194): Failed to reset optimization [3, 32]
12-23 21:01:38.031 E/CamX    ( 1118): [ERROR][NCS    ] camxncsservice.cpp:1007 EnqueueJob() Can not enqueue jobs when thread is stopped
12-23 21:01:38.229 E/CamX    ( 1118): [ERROR][NCS    ] camxncsservice.cpp:1007 EnqueueJob() Can not enqueue jobs when thread is stopped
12-23 21:01:38.429 E/CamX    ( 1118): [ERROR][NCS    ] camxncsservice.cpp:1007 EnqueueJob() Can not enqueue jobs when thread is stopped
12-23 21:01:38.630 E/CamX    ( 1118): [ERROR][NCS    ] camxncsservice.cpp:1007 EnqueueJob() Can not enqueue jobs when thread is stopped
12-23 21:01:38.831 E/CamX    ( 1118): [ERROR][NCS    ] camxncsservice.cpp:1007 EnqueueJob() Can not enqueue jobs when thread is stopped
12-23 21:01:39.031 E/CamX    ( 1118): [ERROR][NCS    ] camxncsservice.cpp:1007 EnqueueJob() Can not enqueue jobs when thread is stopped
12-23 21:01:39.232 E/CamX    ( 1118): [ERROR][NCS    ] camxncsservice.cpp:1007 EnqueueJob() Can not enqueue jobs when thread is stopped
12-23 21:01:39.431 E/CamX    ( 1118): [ERROR][NCS    ] camxncsservice.cpp:1007 EnqueueJob() Can not enqueue jobs when thread is stopped
12-23 21:01:39.630 E/CamX    ( 1118): [ERROR][NCS    ] camxncsservice.cpp:1007 EnqueueJob() Can not enqueue jobs when thread is stopped
12-23 21:01:39.832 E/CamX    ( 1118): [ERROR][NCS    ] camxncsservice.cpp:1007 EnqueueJob() Can not enqueue jobs when thread is stopped
12-23 21:01:40.031 E/CamX    ( 1118): [ERROR][NCS    ] camxncsservice.cpp:1007 EnqueueJob() Can not enqueue jobs when thread is stopped
12-23 21:01:40.232 E/CamX    ( 1118): [ERROR][NCS    ] camxncsservice.cpp:1007 EnqueueJob() Can not enqueue jobs when thread is stopped
12-23 21:01:40.431 E/CamX    ( 1118): [ERROR][NCS    ] camxncsservice.cpp:1007 EnqueueJob() Can not enqueue jobs when thread is stopped
12-23 21:01:40.630 E/CamX    ( 1118): [ERROR][NCS    ] camxncsservice.cpp:1007 EnqueueJob() Can not enqueue jobs when thread is stopped
12-23 21:01:40.830 E/CamX    ( 1118): [ERROR][NCS    ] camxncsservice.cpp:1007 EnqueueJob() Can not enqueue jobs when thread is stopped
12-23 21:01:41.032 E/CamX    ( 1118): [ERROR][NCS    ] camxncsservice.cpp:1007 EnqueueJob() Can not enqueue jobs when thread is stopped
12-23 21:01:41.230 E/CamX    ( 1118): [ERROR][NCS    ] camxncsservice.cpp:1007 EnqueueJob() Can not enqueue jobs when thread is stopped
12-23 21:01:41.432 E/CamX    ( 1118): [ERROR][NCS    ] camxncsservice.cpp:1007 EnqueueJob() Can not enqueue jobs when thread is stopped
12-23 21:01:41.631 E/CamX    ( 1118): [ERROR][NCS    ] camxncsservice.cpp:1007 EnqueueJob() Can not enqueue jobs when thread is stopped
12-23 21:01:41.830 E/CamX    ( 1118): [ERROR][NCS    ] camxncsservice.cpp:1007 EnqueueJob() Can not enqueue jobs when thread is stopped
12-23 21:01:42.032 E/CamX    ( 1118): [ERROR][NCS    ] camxncsservice.cpp:1007 EnqueueJob() Can not enqueue jobs when thread is stopped
12-23 21:01:42.231 E/CamX    ( 1118): [ERROR][NCS    ] camxncsservice.cpp:1007 EnqueueJob() Can not enqueue jobs when thread is stopped
12-23 21:01:42.432 E/CamX    ( 1118): [ERROR][NCS    ] camxncsservice.cpp:1007 EnqueueJob() Can not enqueue jobs when thread is stopped
12-23 21:01:42.630 E/CamX    ( 1118): [ERROR][NCS    ] camxncsservice.cpp:1007 EnqueueJob() Can not enqueue jobs when thread is stopped
12-23 21:01:42.832 E/CamX    ( 1118): [ERROR][NCS    ] camxncsservice.cpp:1007 EnqueueJob() Can not enqueue jobs when thread is stopped
12-23 21:01:43.030 E/CamX    ( 1118): [ERROR][NCS    ] camxncsservice.cpp:1007 EnqueueJob() Can not enqueue jobs when thread is stopped
