12-23 20:45:01.297 E/ConnectAnimFinishCallbackManager( 3614): 	at com.android.systemui.shared.recents.utilities.RemoteAnimationFinishCallbackManager.executeFinishCallback(RemoteAnimationFinishCallbackManager.java:160)
12-23 20:45:01.297 E/ConnectAnimFinishCallbackManager( 3614): 	at com.android.systemui.shared.recents.utilities.RemoteAnimationFinishCallbackManager.executeFinishCallback(RemoteAnimationFinishCallbackManager.java:143)
12-23 20:45:01.297 E/ConnectAnimFinishCallbackManager( 3614): 	at com.miui.home.recents.QuickstepAppTransitionManagerImpl$WallpaperOpenLauncherAnimationRunner$1.onAnimationEnd(QuickstepAppTransitionManagerImpl.java:1328)
12-23 20:45:01.297 E/ConnectAnimFinishCallbackManager( 3614): 	at com.miui.home.recents.util.RectFSpringAnim.lambda$init$1$RectFSpringAnim(RectFSpringAnim.java:205)
12-23 20:45:01.297 E/ConnectAnimFinishCallbackManager( 3614): 	at com.miui.home.recents.util.-$$Lambda$RectFSpringAnim$62XYQO9gz6raJ-D8Mw6-7b5BC_I.onAnimationEnd(Unknown Source:2)
12-23 20:45:01.297 E/ConnectAnimFinishCallbackManager( 3614): 	at com.miui.home.recents.anim.MultiSpringDynamicAnimation.endAnimationInternal(MultiSpringDynamicAnimation.java:177)
12-23 20:45:01.297 E/ConnectAnimFinishCallbackManager( 3614): 	at com.miui.home.recents.anim.MultiSpringDynamicAnimation.doAnimationFrame(MultiSpringDynamicAnimation.java:166)
12-23 20:45:01.297 E/ConnectAnimFinishCallbackManager( 3614): 	at com.miui.home.recents.anim.AnimationHandler.doAnimationFrame(AnimationHandler.java:117)
12-23 20:45:01.297 E/ConnectAnimFinishCallbackManager( 3614): 	at com.miui.home.recents.anim.AnimationHandler$AnimationCallbackDispatcher.dispatchAnimationFrame(AnimationHandler.java:32)
12-23 20:45:01.297 E/ConnectAnimFinishCallbackManager( 3614): 	at com.miui.home.recents.anim.AnimationHandler$FrameCallbackProvider16$1.doFrame(AnimationHandler.java:165)
12-23 20:45:01.297 E/ConnectAnimFinishCallbackManager( 3614): 	at android.view.Choreographer$CallbackRecord.run(Choreographer.java:1592)
12-23 20:45:01.297 E/ConnectAnimFinishCallbackManager( 3614): 	at android.view.Choreographer$CallbackRecord.run(Choreographer.java:1603)
12-23 20:45:01.297 E/ConnectAnimFinishCallbackManager( 3614): 	at android.view.Choreographer.doCallbacks(Choreographer.java:1125)
12-23 20:45:01.297 E/ConnectAnimFinishCallbackManager( 3614): 	at android.view.Choreographer.doFrame(Choreographer.java:1026)
12-23 20:45:01.297 E/ConnectAnimFinishCallbackManager( 3614): 	at android.view.Choreographer$FrameDisplayEventReceiver.run(Choreographer.java:1567)
12-23 20:45:01.297 E/ConnectAnimFinishCallbackManager( 3614): 	at android.os.Handler.handleCallback(Handler.java:958)
12-23 20:45:01.297 E/ConnectAnimFinishCallbackManager( 3614): 	at android.os.Handler.dispatchMessage(Handler.java:99)
12-23 20:45:01.297 E/ConnectAnimFinishCallbackManager( 3614): 	at android.os.Looper.loopOnce(Looper.java:224)
12-23 20:45:01.297 E/ConnectAnimFinishCallbackManager( 3614): 	at android.os.Looper.loop(Looper.java:318)
12-23 20:45:01.297 E/ConnectAnimFinishCallbackManager( 3614): 	at android.app.ActivityThread.main(ActivityThread.java:8790)
12-23 20:45:01.297 E/ConnectAnimFinishCallbackManager( 3614): 	at java.lang.reflect.Method.invoke(Native Method)
12-23 20:45:01.297 E/ConnectAnimFinishCallbackManager( 3614): 	at com.android.internal.os.RuntimeInit$MethodAndArgsCaller.run(RuntimeInit.java:561)
12-23 20:45:01.297 E/ConnectAnimFinishCallbackManager( 3614): 	at com.android.internal.os.ZygoteInit.main(ZygoteInit.java:1013)
12-23 20:45:01.299 E/FloatingIconViewClosing( 3614): recycle
12-23 20:45:01.314 E/RotationHelper( 3614): setCurrentTransitionRequest: request=0
12-23 20:45:01.330 E/LauncherAnimationRunner( 3614): finish: mFinishRunnable.run
12-23 20:45:01.431 E/CamX    ( 1118): [ERROR][NCS    ] camxncsservice.cpp:1007 EnqueueJob() Can not enqueue jobs when thread is stopped
12-23 20:45:01.630 E/CamX    ( 1118): [ERROR][NCS    ] camxncsservice.cpp:1007 EnqueueJob() Can not enqueue jobs when thread is stopped
12-23 20:45:01.831 E/CamX    ( 1118): [ERROR][NCS    ] camxncsservice.cpp:1007 EnqueueJob() Can not enqueue jobs when thread is stopped
12-23 20:45:02.031 E/CamX    ( 1118): [ERROR][NCS    ] camxncsservice.cpp:1007 EnqueueJob() Can not enqueue jobs when thread is stopped
12-23 20:45:02.039 E/QuickstepAppTransitionManagerImpl( 3614): getActivityLaunchOptions iconLoc=Rect(330, 1429 - 503, 1602)
12-23 20:45:02.039 E/Launcher.application( 3614): setClickAppWaitForCallback = true
12-23 20:45:02.046 E/NativeTurboSchedManagerJni( 1966): open /dev/metis failed!
12-23 20:45:02.054 E/vendor.qti.hardware.perf@2.2-service( 1194): Unknown params
12-23 20:45:02.054 E/CamX    ( 1118): [ERROR][NCS    ] camxncsintfqsee.cpp:2555 FillSensorData() Invalid sensor index -1
12-23 20:45:02.055 E/vendor.qti.hardware.perf@2.2-service( 1194): Unknown params
12-23 20:45:02.056 E/ANDR-PERF-OPTSHANDLER( 1194): Perflock resource /sys/class/devfreq/soc:qcom,cpubw/max_freq not supported
12-23 20:45:02.056 E/vendor.qti.hardware.perf@2.2-service( 1194): Unknown params
12-23 20:45:02.056 E/ANDR-PERF-RESOURCEQS( 1194): Failed to apply optimization [6, 6]
12-23 20:45:02.056 E/ANDR-PERF-OPTSHANDLER( 1194): Perflock resource /sys/class/devfreq/soc:qcom,cpubw/min_freq not supported
12-23 20:45:02.056 E/ANDR-PERF-RESOURCEQS( 1194): Failed to apply optimization [6, 0]
12-23 20:45:02.056 E/NativeTurboSchedManagerJni( 4132): open /dev/metis failed!
12-23 20:45:02.057 E/NativeTurboSchedManagerJni( 4132): open /dev/metis failed!
12-23 20:45:02.059 E/NativeTurboSchedManagerJni( 4132): open /dev/metis failed!
12-23 20:45:02.059 E/NativeTurboSchedManagerJni( 4132): open /dev/metis failed!
12-23 20:45:02.063 E/NativeTurboSchedManagerJni( 4132): open /dev/metis failed!
12-23 20:45:02.071 E/vendor.qti.hardware.perf@2.2-service( 1194): Unknown params
12-23 20:45:02.071 E/NativeTurboSchedManagerJni( 1966): open /dev/metis failed!
12-23 20:45:02.071 E/vendor.qti.hardware.perf@2.2-service( 1194): Unknown params
12-23 20:45:02.072 E/ANDR-PERF-MPCTL( 1194):  return repeat opt = perf_lock_acq: client_pid=1966, client_tid=5443, inupt handle=0, duration=400 ms, num_args=28, list=0x40C00000 0x1 0x40804000 0xFFF 0x40804100 0xFFF 0x40804200 0xFFF 0x40800000 0xFFF 0x40800100 0xFFF 0x40800200 0xFFF 0x41818000 0xFF 0x41800000 0xFF 0x40400000 0x1 0x42C10000 0x1 0x43430100 0x28C5 0x43400000 0xFFFF 0x4281C000 0x7D0 
12-23 20:45:02.072 E/Transition( 1966): Trying to add a ready-group twice: Display{#0 state=ON size=1080x2400 ROTATION_0}
12-23 20:45:02.074 E/vendor.qti.hardware.perf@2.2-service( 1194): Unknown params
12-23 20:45:02.075 E/vendor.qti.hardware.perf@2.2-service( 1194): Unknown params
12-23 20:45:02.076 E/NativeTurboSchedManagerJni( 1966): open /dev/metis failed!
12-23 20:45:02.082 E/NativeTurboSchedManagerJni( 1966): open /dev/metis failed!
12-23 20:45:02.083 E/NativeTurboSchedManagerJni( 4132): open /dev/metis failed!
12-23 20:45:02.084 E/NativeTurboSchedManagerJni( 4132): open /dev/metis failed!
12-23 20:45:02.084 E/RemoteAnimationAdapterCompat( 3614): printLeash::index = 0, root = {WCT{android.window.IWindowContainerToken$Stub$Proxy@9f8ea55} m=TO_FRONT f=MOVE_TO_TOP leash=Surface(name=Task=84#3665)/@0x91fdc6a sb=Rect(0, 0 - 1080, 2400) eb=Rect(0, 0 - 1080, 2400) d=0}
12-23 20:45:02.084 E/RemoteAnimationAdapterCompat( 3614): 0, check isClosingType type = 1, mode = 3
12-23 20:45:02.084 E/RemoteAnimationAdapterCompat( 3614): 1, check isClosingType type = 2, mode = 4
12-23 20:45:02.086 E/onWindowDecorRectChanged( 4132): start size:1
12-23 20:45:02.086 E/onWindowDecorRectChanged( 4132): windowDecorRects: Rect(454, 12 - 625, 113)
12-23 20:45:02.093 E/LauncherAnimationRunner( 3614): onAnimationStart
12-23 20:45:02.094 E/LauncherAnimationRunner( 3614): onAnimationStart:   target=RemoteAnimationTargetCompat{taskId=84, mode=0, isTranslucent=false, clipRect=Rect(0, 0 - 0, 0), position=Point(0, 0), sourceContainerBounds=Rect(0, 0 - 1080, 2400), prefixOrderIndex=2, isNotInRecents=false, contentInsets=Rect(0, 0 - 0, 0), activityType=1, packageName=com.tumurelsedrakiney.pitchebak, startBounds=Rect(0, 0 - 1080, 2400), windowType=-1}
12-23 20:45:02.094 E/LauncherAnimationRunner( 3614): onAnimationStart:   target=RemoteAnimationTargetCompat{taskId=1, mode=1, isTranslucent=false, clipRect=Rect(0, 0 - 0, 0), position=Point(0, 0), sourceContainerBounds=Rect(0, 0 - 1080, 2400), prefixOrderIndex=1, isNotInRecents=false, contentInsets=Rect(0, 0 - 0, 0), activityType=2, packageName=com.miui.home, startBounds=Rect(0, 0 - 1080, 2400), windowType=-1}
12-23 20:45:02.094 E/Launcher.application( 3614): setClickAppWaitForCallback = false
12-23 20:45:02.094 E/QuickstepAppTransitionManagerImpl( 3614): startIconLaunchAnimator:launcherClosing=true   iconLoc=Rect(330, 1429 - 503, 1602)
12-23 20:45:02.094 E/QuickstepAppTransitionManagerImpl( 3614): startOpeningWindowAnimators:iconLoc=Rect(330, 1429 - 503, 1602)
12-23 20:45:02.094 E/QuickstepAppTransitionManagerImpl( 3614): getWindowTargetBounds    bounds=Rect(0, 0 - 1080, 2400)
12-23 20:45:02.094 E/ClipAnimationHelper( 3614): updateSourceStack  mSourceInsets=Rect(0, 0 - 0, 0), mSourceStackBounds=Rect(0, 0 - 1080, 2400)
12-23 20:45:02.094 E/ClipAnimationHelper( 3614): updateHomeStack  mSourceInsets=Rect(0, 0 - 0, 0), mHomeStackBounds=Rect(0, 0 - 1080, 2400)
12-23 20:45:02.094 E/ClipAnimationHelper( 3614): updateTargetRect  mSourceRect=RectF(0.0, 0.0, 1080.0, 2400.0)   mTargetRect=RectF(0.0, 0.0, 1080.0, 2400.0)   mSourceWindowClipInsets=RectF(0.0, 0.0, 0.0, 0.0)   mHomeStackBounds=Rect(0, 0 - 1080, 2400)   targetRect=Rect(0, 0 - 1080, 2400)
12-23 20:45:02.094 E/FloatingIconViewClosing( 3614): recycle
12-23 20:45:02.095 E/FloatingIconViewOpening( 3614): recycle
12-23 20:45:02.095 E/Launcher.Boost( 3614): setDynamicVIPContextForGC: mIsTurboSchedDisabled :false   isBoost=true   mIsDynamicVIPContextForGCDisabled=false
12-23 20:45:02.095 E/Launcher.Boost( 3614): setDynamicVIPContextForGC: success isBoostContext:true
12-23 20:45:02.095 E/QuickstepAppTransitionManagerImpl( 3614): startLauncherContentAnimator:isAppOpening=true
12-23 20:45:02.095 E/TurboSchedMonitor( 3614): invoke error.
12-23 20:45:02.095 E/TurboSchedMonitor( 3614): java.lang.NoSuchMethodException: dalvik.system.VMRuntime.setDynamicVIPContextForGC [boolean]
12-23 20:45:02.095 E/TurboSchedMonitor( 3614): 	at java.lang.Class.getMethod(Class.java:2950)
12-23 20:45:02.095 E/TurboSchedMonitor( 3614): 	at java.lang.Class.getMethod(Class.java:2450)
12-23 20:45:02.095 E/TurboSchedMonitor( 3614): 	at android.os.TurboSchedMonitorImpl.invoke_setDynamicVIPContextForGC(TurboSchedMonitorImpl.java:1199)
12-23 20:45:02.095 E/TurboSchedMonitor( 3614): 	at android.os.TurboSchedMonitorImpl.-$$Nest$sminvoke_setDynamicVIPContextForGC(Unknown Source:0)
12-23 20:45:02.095 E/TurboSchedMonitor( 3614): 	at android.os.TurboSchedMonitorImpl$TurboClientHandler.handleMessage(TurboSchedMonitorImpl.java:1418)
12-23 20:45:02.095 E/TurboSchedMonitor( 3614): 	at android.os.Handler.dispatchMessage(Handler.java:106)
12-23 20:45:02.095 E/TurboSchedMonitor( 3614): 	at android.os.Looper.loopOnce(Looper.java:224)
12-23 20:45:02.095 E/TurboSchedMonitor( 3614): 	at android.os.Looper.loop(Looper.java:318)
12-23 20:45:02.095 E/TurboSchedMonitor( 3614): 	at android.os.HandlerThread.run(HandlerThread.java:67)
12-23 20:45:02.100 E/OpenGLRenderer( 3659): Unable to match the desired swap behavior.
12-23 20:45:02.104 E/NativeTurboSchedManagerJni( 1966): open /dev/metis failed!
12-23 20:45:02.105 E/NativeTurboSchedManagerJni( 1966): open /dev/metis failed!
12-23 20:45:02.144 E/SDM     ( 1181): HWCSession::GetClientTargetProperty: GetClinetTargetProperty interface enter
12-23 20:45:02.161 E/SDM     ( 1181): HWCSession::GetClientTargetProperty: GetClinetTargetProperty interface enter
12-23 20:45:02.175 E/ActivityManagerWrapper( 3614): get all recent tasks force including 84
12-23 20:45:02.177 E/SDM     ( 1181): HWCSession::GetClientTargetProperty: GetClinetTargetProperty interface enter
12-23 20:45:02.178 E/ActivityManagerWrapper( 3614): getRecentTasks: size=4
12-23 20:45:02.178 E/ActivityManagerWrapper( 3614): getRecentTasks: mainTaskId=84   userId=0   windowMode=1   baseIntent=Intent { act=android.intent.action.MAIN flag=270532608 cmp=ComponentInfo{com.tumurelsedrakiney.pitchebak/com.tumurelsedrakiney.pitchebak.MainActivity} }
12-23 20:45:02.178 E/ActivityManagerWrapper( 3614): getRecentTasks: mainTaskId=81   userId=0   windowMode=1   baseIntent=Intent { act=android.intent.action.VIEW flag=302579713 cmp=ComponentInfo{com.google.android.packageinstaller/com.android.packageinstaller.DeleteStagedFileOnResult} }
12-23 20:45:02.178 E/ActivityManagerWrapper( 3614): getRecentTasks: mainTaskId=79   userId=0   windowMode=1   baseIntent=Intent { act=android.intent.action.MAIN flag=270532608 cmp=ComponentInfo{com.google.android.apps.docs/com.google.android.apps.docs.app.NewMainProxyActivity} }
12-23 20:45:02.178 E/ActivityManagerWrapper( 3614): getRecentTasks: mainTaskId=78   userId=0   windowMode=1   baseIntent=Intent { act=android.intent.action.MAIN flag=270532608 cmp=ComponentInfo{com.mi.android.globalFileexplorer/com.android.fileexplorer.FileExplorerTabActivity} }
12-23 20:45:02.182 E/ActivityManagerWrapper( 3614): get all recent tasks force including 84
12-23 20:45:02.183 E/ActivityManagerWrapper( 3614): getRecentTasks: size=4
12-23 20:45:02.183 E/ActivityManagerWrapper( 3614): getRecentTasks: mainTaskId=84   userId=0   windowMode=1   baseIntent=Intent { act=android.intent.action.MAIN flag=270532608 cmp=ComponentInfo{com.tumurelsedrakiney.pitchebak/com.tumurelsedrakiney.pitchebak.MainActivity} }
12-23 20:45:02.183 E/ActivityManagerWrapper( 3614): getRecentTasks: mainTaskId=81   userId=0   windowMode=1   baseIntent=Intent { act=android.intent.action.VIEW flag=302579713 cmp=ComponentInfo{com.google.android.packageinstaller/com.android.packageinstaller.DeleteStagedFileOnResult} }
12-23 20:45:02.183 E/ActivityManagerWrapper( 3614): getRecentTasks: mainTaskId=79   userId=0   windowMode=1   baseIntent=Intent { act=android.intent.action.MAIN flag=270532608 cmp=ComponentInfo{com.google.android.apps.docs/com.google.android.apps.docs.app.NewMainProxyActivity} }
12-23 20:45:02.183 E/ActivityManagerWrapper( 3614): getRecentTasks: mainTaskId=78   userId=0   windowMode=1   baseIntent=Intent { act=android.intent.action.MAIN flag=270532608 cmp=ComponentInfo{com.mi.android.globalFileexplorer/com.android.fileexplorer.FileExplorerTabActivity} }
12-23 20:45:02.193 E/SDM     ( 1181): HWCSession::GetClientTargetProperty: GetClinetTargetProperty interface enter
12-23 20:45:02.210 E/SDM     ( 1181): HWCSession::GetClientTargetProperty: GetClinetTargetProperty interface enter
12-23 20:45:02.227 E/SDM     ( 1181): HWCSession::GetClientTargetProperty: GetClinetTargetProperty interface enter
12-23 20:45:02.230 E/CamX    ( 1118): [ERROR][NCS    ] camxncsservice.cpp:1007 EnqueueJob() Can not enqueue jobs when thread is stopped
12-23 20:45:02.243 E/SDM     ( 1181): HWCSession::GetClientTargetProperty: GetClinetTargetProperty interface enter
12-23 20:45:02.260 E/SDM     ( 1181): HWCSession::GetClientTargetProperty: GetClinetTargetProperty interface enter
12-23 20:45:02.276 E/SDM     ( 1181): HWCSession::GetClientTargetProperty: GetClinetTargetProperty interface enter
12-23 20:45:02.293 E/SDM     ( 1181): HWCSession::GetClientTargetProperty: GetClinetTargetProperty interface enter
12-23 20:45:02.310 E/SDM     ( 1181): HWCSession::GetClientTargetProperty: GetClinetTargetProperty interface enter
12-23 20:45:02.326 E/SDM     ( 1181): HWCSession::GetClientTargetProperty: GetClinetTargetProperty interface enter
12-23 20:45:02.343 E/SDM     ( 1181): HWCSession::GetClientTargetProperty: GetClinetTargetProperty interface enter
12-23 20:45:02.359 E/SDM     ( 1181): HWCSession::GetClientTargetProperty: GetClinetTargetProperty interface enter
12-23 20:45:02.376 E/SDM     ( 1181): HWCSession::GetClientTargetProperty: GetClinetTargetProperty interface enter
12-23 20:45:02.393 E/SDM     ( 1181): HWCSession::GetClientTargetProperty: GetClinetTargetProperty interface enter
12-23 20:45:02.409 E/SDM     ( 1181): HWCSession::GetClientTargetProperty: GetClinetTargetProperty interface enter
12-23 20:45:02.426 E/SDM     ( 1181): HWCSession::GetClientTargetProperty: GetClinetTargetProperty interface enter
12-23 20:45:02.430 E/CamX    ( 1118): [ERROR][NCS    ] camxncsservice.cpp:1007 EnqueueJob() Can not enqueue jobs when thread is stopped
12-23 20:45:02.442 E/SDM     ( 1181): HWCSession::GetClientTargetProperty: GetClinetTargetProperty interface enter
12-23 20:45:02.459 E/SDM     ( 1181): HWCSession::GetClientTargetProperty: GetClinetTargetProperty interface enter
12-23 20:45:02.479 E/SDM     ( 1181): HWCSession::GetClientTargetProperty: GetClinetTargetProperty interface enter
12-23 20:45:02.494 E/SDM     ( 1181): HWCSession::GetClientTargetProperty: GetClinetTargetProperty interface enter
12-23 20:45:02.511 E/SDM     ( 1181): HWCSession::GetClientTargetProperty: GetClinetTargetProperty interface enter
12-23 20:45:02.529 E/SDM     ( 1181): HWCSession::GetClientTargetProperty: GetClinetTargetProperty interface enter
12-23 20:45:02.544 E/SDM     ( 1181): HWCSession::GetClientTargetProperty: GetClinetTargetProperty interface enter
12-23 20:45:02.561 E/SDM     ( 1181): HWCSession::GetClientTargetProperty: GetClinetTargetProperty interface enter
12-23 20:45:02.577 E/SDM     ( 1181): HWCSession::GetClientTargetProperty: GetClinetTargetProperty interface enter
12-23 20:45:02.594 E/SDM     ( 1181): HWCSession::GetClientTargetProperty: GetClinetTargetProperty interface enter
12-23 20:45:02.611 E/SDM     ( 1181): HWCSession::GetClientTargetProperty: GetClinetTargetProperty interface enter
12-23 20:45:02.626 E/SDM     ( 1181): HWCSession::GetClientTargetProperty: GetClinetTargetProperty interface enter
12-23 20:45:02.631 E/CamX    ( 1118): [ERROR][NCS    ] camxncsservice.cpp:1007 EnqueueJob() Can not enqueue jobs when thread is stopped
12-23 20:45:02.643 E/SDM     ( 1181): HWCSession::GetClientTargetProperty: GetClinetTargetProperty interface enter
12-23 20:45:02.660 E/SDM     ( 1181): HWCSession::GetClientTargetProperty: GetClinetTargetProperty interface enter
12-23 20:45:02.677 E/SDM     ( 1181): HWCSession::GetClientTargetProperty: GetClinetTargetProperty interface enter
12-23 20:45:02.693 E/SDM     ( 1181): HWCSession::GetClientTargetProperty: GetClinetTargetProperty interface enter
12-23 20:45:02.709 E/SDM     ( 1181): HWCSession::GetClientTargetProperty: GetClinetTargetProperty interface enter
12-23 20:45:02.726 E/SDM     ( 1181): HWCSession::GetClientTargetProperty: GetClinetTargetProperty interface enter
12-23 20:45:02.742 E/SDM     ( 1181): HWCSession::GetClientTargetProperty: GetClinetTargetProperty interface enter
12-23 20:45:02.758 E/Launcher.Boost( 3614): setDynamicVIPContextForGC: mIsTurboSchedDisabled :false   isBoost=false   mIsDynamicVIPContextForGCDisabled=false
12-23 20:45:02.758 E/Launcher.Boost( 3614): setDynamicVIPContextForGC: success isBoostContext:false
12-23 20:45:02.759 E/ConnectAnimFinishCallbackManager( 3614): call executeFinishCallback, toHome = true
12-23 20:45:02.759 E/ConnectAnimFinishCallbackManager( 3614): java.lang.Exception
12-23 20:45:02.759 E/ConnectAnimFinishCallbackManager( 3614): 	at com.android.systemui.shared.recents.utilities.RemoteAnimationFinishCallbackManager.executeFinishCallback(RemoteAnimationFinishCallbackManager.java:160)
12-23 20:45:02.759 E/ConnectAnimFinishCallbackManager( 3614): 	at com.android.systemui.shared.recents.utilities.RemoteAnimationFinishCallbackManager.executeFinishCallback(RemoteAnimationFinishCallbackManager.java:143)
12-23 20:45:02.759 E/ConnectAnimFinishCallbackManager( 3614): 	at com.android.systemui.shared.recents.system.RemoteAnimationAdapterCompat$2.lambda$startAnimation$0$RemoteAnimationAdapterCompat$2(RemoteAnimationAdapterCompat.java:332)
12-23 20:45:02.759 E/ConnectAnimFinishCallbackManager( 3614): 	at com.android.systemui.shared.recents.system.-$$Lambda$RemoteAnimationAdapterCompat$2$hXVIpChbxGyaN7V9Ysu1nRdFtG4.run(Unknown Source:4)
12-23 20:45:02.759 E/ConnectAnimFinishCallbackManager( 3614): 	at com.miui.home.recents.LauncherAnimationRunner$AnimationResult.finish(LauncherAnimationRunner.java:153)
12-23 20:45:02.759 E/ConnectAnimFinishCallbackManager( 3614): 	at com.miui.home.recents.QuickstepAppTransitionManagerImpl.lambda$AlEeBxjHFsy1SRWRXeztzuuTMeo(Unknown Source:0)
12-23 20:45:02.759 E/ConnectAnimFinishCallbackManager( 3614): 	at com.miui.home.recents.-$$Lambda$QuickstepAppTransitionManagerImpl$AlEeBxjHFsy1SRWRXeztzuuTMeo.run(Unknown Source:2)
12-23 20:45:02.759 E/ConnectAnimFinishCallbackManager( 3614): 	at com.miui.home.recents.util.MultiAnimationEndDetector.performEndRunnable(MultiAnimationEndDetector.java:80)
12-23 20:45:02.759 E/ConnectAnimFinishCallbackManager( 3614): 	at com.miui.home.recents.util.MultiAnimationEndDetector.access$100(MultiAnimationEndDetector.java:16)
12-23 20:45:02.759 E/ConnectAnimFinishCallbackManager( 3614): 	at com.miui.home.recents.util.MultiAnimationEndDetector$1.lambda$onAnimationEnd$0$MultiAnimationEndDetector$1(MultiAnimationEndDetector.java:97)
12-23 20:45:02.759 E/ConnectAnimFinishCallbackManager( 3614): 	at com.miui.home.recents.util.-$$Lambda$MultiAnimationEndDetector$1$QBQqsB4-44fI5KNxlKEq5yGmra8.run(Unknown Source:4)
12-23 20:45:02.759 E/ConnectAnimFinishCallbackManager( 3614): 	at com.miui.home.library.utils.LooperExecutor.execute(LooperExecutor.java:43)
12-23 20:45:02.759 E/ConnectAnimFinishCallbackManager( 3614): 	at com.miui.home.recents.util.MultiAnimationEndDetector$1.onAnimationEnd(MultiAnimationEndDetector.java:95)
12-23 20:45:02.759 E/ConnectAnimFinishCallbackManager( 3614): 	at com.miui.home.recents.util.RectFSpringAnim.lambda$init$1$RectFSpringAnim(RectFSpringAnim.java:205)
12-23 20:45:02.759 E/ConnectAnimFinishCallbackManager( 3614): 	at com.miui.home.recents.util.-$$Lambda$RectFSpringAnim$62XYQO9gz6raJ-D8Mw6-7b5BC_I.onAnimationEnd(Unknown Source:2)
12-23 20:45:02.759 E/ConnectAnimFinishCallbackManager( 3614): 	at com.miui.home.recents.anim.MultiSpringDynamicAnimation.endAnimationInternal(MultiSpringDynamicAnimation.java:177)
12-23 20:45:02.759 E/ConnectAnimFinishCallbackManager( 3614): 	at com.miui.home.recents.anim.MultiSpringDynamicAnimation.doAnimationFrame(MultiSpringDynamicAnimation.java:166)
12-23 20:45:02.759 E/ConnectAnimFinishCallbackManager( 3614): 	at com.miui.home.recents.anim.AnimationHandler.doAnimationFrame(AnimationHandler.java:117)
12-23 20:45:02.759 E/ConnectAnimFinishCallbackManager( 3614): 	at com.miui.home.recents.anim.AnimationHandler$AnimationCallbackDispatcher.dispatchAnimationFrame(AnimationHandler.java:32)
12-23 20:45:02.759 E/ConnectAnimFinishCallbackManager( 3614): 	at com.miui.home.recents.anim.AnimationHandler$FrameCallbackProvider16$1.doFrame(AnimationHandler.java:165)
12-23 20:45:02.759 E/ConnectAnimFinishCallbackManager( 3614): 	at android.view.Choreographer$CallbackRecord.run(Choreographer.java:1592)
12-23 20:45:02.759 E/ConnectAnimFinishCallbackManager( 3614): 	at android.view.Choreographer$CallbackRecord.run(Choreographer.java:1603)
12-23 20:45:02.759 E/ConnectAnimFinishCallbackManager( 3614): 	at android.view.Choreographer.doCallbacks(Choreographer.java:1125)
12-23 20:45:02.759 E/ConnectAnimFinishCallbackManager( 3614): 	at android.view.Choreographer.doFrame(Choreographer.java:1026)
12-23 20:45:02.759 E/ConnectAnimFinishCallbackManager( 3614): 	at android.view.Choreographer$FrameDisplayEventReceiver.run(Choreographer.java:1567)
12-23 20:45:02.759 E/ConnectAnimFinishCallbackManager( 3614): 	at android.os.Handler.handleCallback(Handler.java:958)
12-23 20:45:02.759 E/ConnectAnimFinishCallbackManager( 3614): 	at android.os.Handler.dispatchMessage(Handler.java:99)
12-23 20:45:02.759 E/ConnectAnimFinishCallbackManager( 3614): 	at android.os.Looper.loopOnce(Looper.java:224)
12-23 20:45:02.759 E/ConnectAnimFinishCallbackManager( 3614): 	at android.os.Looper.loop(Looper.java:318)
12-23 20:45:02.759 E/ConnectAnimFinishCallbackManager( 3614): 	at android.app.ActivityThread.main(ActivityThread.java:8790)
12-23 20:45:02.759 E/ConnectAnimFinishCallbackManager( 3614): 	at java.lang.reflect.Method.invoke(Native Method)
12-23 20:45:02.759 E/ConnectAnimFinishCallbackManager( 3614): 	at com.android.internal.os.RuntimeInit$MethodAndArgsCaller.run(RuntimeInit.java:561)
12-23 20:45:02.759 E/ConnectAnimFinishCallbackManager( 3614): 	at com.android.internal.os.ZygoteInit.main(ZygoteInit.java:1013)
12-23 20:45:02.760 E/SDM     ( 1181): HWCSession::GetClientTargetProperty: GetClinetTargetProperty interface enter
12-23 20:45:02.762 E/LauncherAnimationRunner( 3614): finish: mFinishRunnable.run
12-23 20:45:02.763 E/FloatingIconViewOpening( 3614): recycle
12-23 20:45:02.765 E/TurboSchedMonitor( 3614): invoke error.
12-23 20:45:02.765 E/TurboSchedMonitor( 3614): java.lang.NoSuchMethodException: dalvik.system.VMRuntime.setDynamicVIPContextForGC [boolean]
12-23 20:45:02.765 E/TurboSchedMonitor( 3614): 	at java.lang.Class.getMethod(Class.java:2950)
12-23 20:45:02.765 E/TurboSchedMonitor( 3614): 	at java.lang.Class.getMethod(Class.java:2450)
12-23 20:45:02.765 E/TurboSchedMonitor( 3614): 	at android.os.TurboSchedMonitorImpl.invoke_setDynamicVIPContextForGC(TurboSchedMonitorImpl.java:1199)
12-23 20:45:02.765 E/TurboSchedMonitor( 3614): 	at android.os.TurboSchedMonitorImpl.-$$Nest$sminvoke_setDynamicVIPContextForGC(Unknown Source:0)
12-23 20:45:02.765 E/TurboSchedMonitor( 3614): 	at android.os.TurboSchedMonitorImpl$TurboClientHandler.handleMessage(TurboSchedMonitorImpl.java:1418)
12-23 20:45:02.765 E/TurboSchedMonitor( 3614): 	at android.os.Handler.dispatchMessage(Handler.java:106)
12-23 20:45:02.765 E/TurboSchedMonitor( 3614): 	at android.os.Looper.loopOnce(Looper.java:224)
12-23 20:45:02.765 E/TurboSchedMonitor( 3614): 	at android.os.Looper.loop(Looper.java:318)
12-23 20:45:02.765 E/TurboSchedMonitor( 3614): 	at android.os.HandlerThread.run(HandlerThread.java:67)
12-23 20:45:02.789 E/Launcher.application( 3614): setClickAppWaitForCallback = false
12-23 20:45:02.830 E/CamX    ( 1118): [ERROR][NCS    ] camxncsservice.cpp:1007 EnqueueJob() Can not enqueue jobs when thread is stopped
12-23 20:45:02.855 E/CamX    ( 1118): [ERROR][NCS    ] camxncsintfqsee.cpp:2555 FillSensorData() Invalid sensor index -1
12-23 20:45:03.031 E/CamX    ( 1118): [ERROR][NCS    ] camxncsservice.cpp:1007 EnqueueJob() Can not enqueue jobs when thread is stopped
12-23 20:45:03.205 E/TimeStats( 1412): [3698]-[com.tumurelsedrakiney.pitchebak/com.tumurelsedrakiney.pitchebak.MainActivity#3698]-timeRecords is at its maximum size[64]. Ignore this when unittesting.
12-23 20:45:03.231 E/CamX    ( 1118): [ERROR][NCS    ] camxncsservice.cpp:1007 EnqueueJob() Can not enqueue jobs when thread is stopped
12-23 20:45:03.431 E/CamX    ( 1118): [ERROR][NCS    ] camxncsservice.cpp:1007 EnqueueJob() Can not enqueue jobs when thread is stopped
12-23 20:45:03.631 E/CamX    ( 1118): [ERROR][NCS    ] camxncsservice.cpp:1007 EnqueueJob() Can not enqueue jobs when thread is stopped
12-23 20:45:03.831 E/CamX    ( 1118): [ERROR][NCS    ] camxncsservice.cpp:1007 EnqueueJob() Can not enqueue jobs when thread is stopped
12-23 20:45:04.031 E/CamX    ( 1118): [ERROR][NCS    ] camxncsservice.cpp:1007 EnqueueJob() Can not enqueue jobs when thread is stopped
12-23 20:45:04.156 E/CamX    ( 1118): [ERROR][NCS    ] camxncsintfqsee.cpp:2555 FillSensorData() Invalid sensor index -1
12-23 20:45:04.231 E/CamX    ( 1118): [ERROR][NCS    ] camxncsservice.cpp:1007 EnqueueJob() Can not enqueue jobs when thread is stopped
12-23 20:45:04.431 E/CamX    ( 1118): [ERROR][NCS    ] camxncsservice.cpp:1007 EnqueueJob() Can not enqueue jobs when thread is stopped
12-23 20:45:04.437 E/SDM     ( 1181): HWCSession::GetClientTargetProperty: GetClinetTargetProperty interface enter
12-23 20:45:04.555 E/CamX    ( 1118): [ERROR][NCS    ] camxncsintfqsee.cpp:2555 FillSensorData() Invalid sensor index -1
12-23 20:45:04.631 E/CamX    ( 1118): [ERROR][NCS    ] camxncsservice.cpp:1007 EnqueueJob() Can not enqueue jobs when thread is stopped
12-23 20:45:04.755 E/CamX    ( 1118): [ERROR][NCS    ] camxncsintfqsee.cpp:2555 FillSensorData() Invalid sensor index -1
12-23 20:45:04.831 E/CamX    ( 1118): [ERROR][NCS    ] camxncsservice.cpp:1007 EnqueueJob() Can not enqueue jobs when thread is stopped
12-23 20:45:05.031 E/CamX    ( 1118): [ERROR][NCS    ] camxncsservice.cpp:1007 EnqueueJob() Can not enqueue jobs when thread is stopped
12-23 20:45:05.231 E/CamX    ( 1118): [ERROR][NCS    ] camxncsservice.cpp:1007 EnqueueJob() Can not enqueue jobs when thread is stopped
12-23 20:45:05.431 E/CamX    ( 1118): [ERROR][NCS    ] camxncsservice.cpp:1007 EnqueueJob() Can not enqueue jobs when thread is stopped
12-23 20:45:05.631 E/CamX    ( 1118): [ERROR][NCS    ] camxncsservice.cpp:1007 EnqueueJob() Can not enqueue jobs when thread is stopped
12-23 20:45:05.831 E/CamX    ( 1118): [ERROR][NCS    ] camxncsservice.cpp:1007 EnqueueJob() Can not enqueue jobs when thread is stopped
12-23 20:45:06.031 E/CamX    ( 1118): [ERROR][NCS    ] camxncsservice.cpp:1007 EnqueueJob() Can not enqueue jobs when thread is stopped
12-23 20:45:06.231 E/CamX    ( 1118): [ERROR][NCS    ] camxncsservice.cpp:1007 EnqueueJob() Can not enqueue jobs when thread is stopped
12-23 20:45:06.431 E/CamX    ( 1118): [ERROR][NCS    ] camxncsservice.cpp:1007 EnqueueJob() Can not enqueue jobs when thread is stopped
12-23 20:45:06.631 E/CamX    ( 1118): [ERROR][NCS    ] camxncsservice.cpp:1007 EnqueueJob() Can not enqueue jobs when thread is stopped
12-23 20:45:06.755 E/CamX    ( 1118): [ERROR][NCS    ] camxncsintfqsee.cpp:2555 FillSensorData() Invalid sensor index -1
12-23 20:45:06.831 E/CamX    ( 1118): [ERROR][NCS    ] camxncsservice.cpp:1007 EnqueueJob() Can not enqueue jobs when thread is stopped
12-23 20:45:07.031 E/CamX    ( 1118): [ERROR][NCS    ] camxncsservice.cpp:1007 EnqueueJob() Can not enqueue jobs when thread is stopped
12-23 20:45:07.155 E/CamX    ( 1118): [ERROR][NCS    ] camxncsintfqsee.cpp:2555 FillSensorData() Invalid sensor index -1
12-23 20:45:07.231 E/CamX    ( 1118): [ERROR][NCS    ] camxncsservice.cpp:1007 EnqueueJob() Can not enqueue jobs when thread is stopped
12-23 20:45:07.355 E/CamX    ( 1118): [ERROR][NCS    ] camxncsintfqsee.cpp:2555 FillSensorData() Invalid sensor index -1
12-23 20:45:07.431 E/CamX    ( 1118): [ERROR][NCS    ] camxncsservice.cpp:1007 EnqueueJob() Can not enqueue jobs when thread is stopped
12-23 20:45:07.508 E/CamX    ( 1118): [ERROR][NCS    ] camxncsintfqsee.cpp:2555 FillSensorData() Invalid sensor index -1
12-23 20:45:07.508 E/CamX    ( 1118): [ERROR][NCS    ] camxncsintfqsee.cpp:2340 SensorCallback() Invalid sensor index -1
12-23 20:45:07.703 E/CamX    ( 1118): [ERROR][NCS    ] camxncsservice.cpp:1007 EnqueueJob() Can not enqueue jobs when thread is stopped
12-23 20:45:07.902 E/CamX    ( 1118): [ERROR][NCS    ] camxncsservice.cpp:1007 EnqueueJob() Can not enqueue jobs when thread is stopped
12-23 20:45:08.102 E/CamX    ( 1118): [ERROR][NCS    ] camxncsservice.cpp:1007 EnqueueJob() Can not enqueue jobs when thread is stopped
12-23 20:45:08.302 E/CamX    ( 1118): [ERROR][NCS    ] camxncsservice.cpp:1007 EnqueueJob() Can not enqueue jobs when thread is stopped
